Archive member included to satisfy reference by file (symbol)

/home/bram/devkitPro/libgba/lib/libgba.a(input.o)
                              FourierTransform.o (scanKeys)
/home/bram/devkitPro/libgba/lib/libgba.a(console.o)
                              FourierTransform.o (consoleDemoInit)
/home/bram/devkitPro/libgba/lib/libgba.a(interrupt.o)
                              FourierTransform.o (irqInit)
/home/bram/devkitPro/libgba/lib/libgba.a(CpuSet.o)
                              /home/bram/devkitPro/libgba/lib/libgba.a(console.o) (CpuFastSet)
/home/bram/devkitPro/libgba/lib/libgba.a(InterruptDispatcher.o)
                              /home/bram/devkitPro/libgba/lib/libgba.a(interrupt.o) (IntrMain)
/home/bram/devkitPro/libgba/lib/libgba.a(amiga.fnt.o)
                              /home/bram/devkitPro/libgba/lib/libgba.a(console.o) (amiga_fnt_size)
/home/bram/devkitPro/devkitARM/bin/../lib/gcc/arm-none-eabi/7.1.0/../../../../arm-none-eabi/lib/thumb/libm.a(lib_a-s_cos.o)
                              MathMethods.o (cos)
/home/bram/devkitPro/devkitARM/bin/../lib/gcc/arm-none-eabi/7.1.0/../../../../arm-none-eabi/lib/thumb/libm.a(lib_a-s_sin.o)
                              MathMethods.o (sin)
/home/bram/devkitPro/devkitARM/bin/../lib/gcc/arm-none-eabi/7.1.0/../../../../arm-none-eabi/lib/thumb/libm.a(lib_a-w_pow.o)
                              MathMethods.o (pow)
/home/bram/devkitPro/devkitARM/bin/../lib/gcc/arm-none-eabi/7.1.0/../../../../arm-none-eabi/lib/thumb/libm.a(lib_a-w_sqrt.o)
                              MathMethods.o (sqrt)
/home/bram/devkitPro/devkitARM/bin/../lib/gcc/arm-none-eabi/7.1.0/../../../../arm-none-eabi/lib/thumb/libm.a(lib_a-e_pow.o)
                              /home/bram/devkitPro/devkitARM/bin/../lib/gcc/arm-none-eabi/7.1.0/../../../../arm-none-eabi/lib/thumb/libm.a(lib_a-w_pow.o) (__ieee754_pow)
/home/bram/devkitPro/devkitARM/bin/../lib/gcc/arm-none-eabi/7.1.0/../../../../arm-none-eabi/lib/thumb/libm.a(lib_a-e_rem_pio2.o)
                              /home/bram/devkitPro/devkitARM/bin/../lib/gcc/arm-none-eabi/7.1.0/../../../../arm-none-eabi/lib/thumb/libm.a(lib_a-s_cos.o) (__ieee754_rem_pio2)
/home/bram/devkitPro/devkitARM/bin/../lib/gcc/arm-none-eabi/7.1.0/../../../../arm-none-eabi/lib/thumb/libm.a(lib_a-e_sqrt.o)
                              /home/bram/devkitPro/devkitARM/bin/../lib/gcc/arm-none-eabi/7.1.0/../../../../arm-none-eabi/lib/thumb/libm.a(lib_a-w_sqrt.o) (__ieee754_sqrt)
/home/bram/devkitPro/devkitARM/bin/../lib/gcc/arm-none-eabi/7.1.0/../../../../arm-none-eabi/lib/thumb/libm.a(lib_a-k_cos.o)
                              /home/bram/devkitPro/devkitARM/bin/../lib/gcc/arm-none-eabi/7.1.0/../../../../arm-none-eabi/lib/thumb/libm.a(lib_a-s_cos.o) (__kernel_cos)
/home/bram/devkitPro/devkitARM/bin/../lib/gcc/arm-none-eabi/7.1.0/../../../../arm-none-eabi/lib/thumb/libm.a(lib_a-k_rem_pio2.o)
                              /home/bram/devkitPro/devkitARM/bin/../lib/gcc/arm-none-eabi/7.1.0/../../../../arm-none-eabi/lib/thumb/libm.a(lib_a-e_rem_pio2.o) (__kernel_rem_pio2)
/home/bram/devkitPro/devkitARM/bin/../lib/gcc/arm-none-eabi/7.1.0/../../../../arm-none-eabi/lib/thumb/libm.a(lib_a-k_sin.o)
                              /home/bram/devkitPro/devkitARM/bin/../lib/gcc/arm-none-eabi/7.1.0/../../../../arm-none-eabi/lib/thumb/libm.a(lib_a-s_cos.o) (__kernel_sin)
/home/bram/devkitPro/devkitARM/bin/../lib/gcc/arm-none-eabi/7.1.0/../../../../arm-none-eabi/lib/thumb/libm.a(lib_a-s_fabs.o)
                              /home/bram/devkitPro/devkitARM/bin/../lib/gcc/arm-none-eabi/7.1.0/../../../../arm-none-eabi/lib/thumb/libm.a(lib_a-e_pow.o) (fabs)
/home/bram/devkitPro/devkitARM/bin/../lib/gcc/arm-none-eabi/7.1.0/../../../../arm-none-eabi/lib/thumb/libm.a(lib_a-s_finite.o)
                              /home/bram/devkitPro/devkitARM/bin/../lib/gcc/arm-none-eabi/7.1.0/../../../../arm-none-eabi/lib/thumb/libm.a(lib_a-w_pow.o) (finite)
/home/bram/devkitPro/devkitARM/bin/../lib/gcc/arm-none-eabi/7.1.0/../../../../arm-none-eabi/lib/thumb/libm.a(lib_a-s_floor.o)
                              /home/bram/devkitPro/devkitARM/bin/../lib/gcc/arm-none-eabi/7.1.0/../../../../arm-none-eabi/lib/thumb/libm.a(lib_a-k_rem_pio2.o) (floor)
/home/bram/devkitPro/devkitARM/bin/../lib/gcc/arm-none-eabi/7.1.0/../../../../arm-none-eabi/lib/thumb/libm.a(lib_a-s_lib_ver.o)
                              /home/bram/devkitPro/devkitARM/bin/../lib/gcc/arm-none-eabi/7.1.0/../../../../arm-none-eabi/lib/thumb/libm.a(lib_a-w_pow.o) (__fdlib_version)
/home/bram/devkitPro/devkitARM/bin/../lib/gcc/arm-none-eabi/7.1.0/../../../../arm-none-eabi/lib/thumb/libm.a(lib_a-s_matherr.o)
                              /home/bram/devkitPro/devkitARM/bin/../lib/gcc/arm-none-eabi/7.1.0/../../../../arm-none-eabi/lib/thumb/libm.a(lib_a-w_pow.o) (matherr)
/home/bram/devkitPro/devkitARM/bin/../lib/gcc/arm-none-eabi/7.1.0/../../../../arm-none-eabi/lib/thumb/libm.a(lib_a-s_nan.o)
[...]
Memory Configuration

Name             Origin             Length             Attributes
rom              0x0000000008000000 0x0000000002000000
iwram            0x0000000003000000 0x0000000000008000
ewram            0x0000000002000000 0x0000000000040000
*default*        0x0000000000000000 0xffffffffffffffff

Linker script and memory map

                0x0000000008000000                __text_start = ORIGIN (rom)
                0x0000000002040000                __eheap_end = (ORIGIN (ewram) + LENGTH (ewram))
                0x0000000003000000                __iwram_start = ORIGIN (iwram)
                0x0000000003008000                __iwram_top = (ORIGIN (iwram) + LENGTH (iwram))
                0x0000000003007fa0                __sp_irq = (__iwram_top - 0x60)
                0x0000000003007f00                __sp_usr = (__sp_irq - 0xa0)
                0x0000000003007ff8                __irq_flags = 0x3007ff8
                0x0000000008000000                . = __text_start

.crt0           0x0000000008000000      0x210
 *(.crt0)
 .crt0          0x0000000008000000      0x210 /home/bram/devkitPro/devkitARM/bin/../lib/gcc/arm-none-eabi/7.1.0/../../../../arm-none-eabi/lib/thumb/gba_crt0.o
                0x0000000008000000                _start
                0x00000000080000c4                __boot_method
                0x00000000080000c5                __slave_number
                0x00000000080000e0                start_vector
                0x0000000008000210                . = ALIGN (0x4)

.init           0x0000000008000210        0xc
 *(SORT(.init))
 .init          0x0000000008000210        0x4 /home/bram/devkitPro/devkitARM/bin/../lib/gcc/arm-none-eabi/7.1.0/thumb/crti.o
                0x0000000008000210                _init
 .init          0x0000000008000214        0x8 /home/bram/devkitPro/devkitARM/bin/../lib/gcc/arm-none-eabi/7.1.0/thumb/crtn.o

.plt            0x000000000800021c        0x0
 *(.plt)
                0x000000000800021c                . = ALIGN (0x4)

.text           0x0000000008000220    0x10408
 *(EXCLUDE_FILE(*.iwram*) .text)
 .text          0x0000000008000220     0x1b90 MathMethods.o
                0x0000000008000220                setDelta
                0x000000000800022c                getRow
                0x0000000008000250                getCol
                0x0000000008000274                dotProduct
                0x00000000080002bc                euclideanNorm
                0x00000000080002fc                swapRows
                0x000000000800032c                scaleRow
                0x0000000008000358                elimRow
                0x0000000008000394                copyMatrix
                0x00000000080003e0                transpose
                0x0000000008000458                ref
                0x0000000008000690                rref
                0x00000000080007f4                invert
                0x00000000080009c4                matrixMultiply
                0x0000000008000ac8                arrayAdd
                0x0000000008000aec                arrayScale
                0x0000000008000b20                matrixAdd
                0x0000000008000b90                rectIntegral
                0x0000000008000c5c                simpIntegral
                0x0000000008000dd0                simpleDerivative
                0x0000000008000e24                adamsBash3
                0x0000000008001498                binomialCoef
                0x00000000080014dc                vanderInterpolate
                0x0000000008001648                meanPolynomial
                0x000000000800182c                discreteLeastSquares
                0x0000000008001a9c                discreteFourier
 .text          0x0000000008001db0        0xc FourierTransform.o
                0x0000000008001db0                VBLANK_ISR_FUNCTION
 .text          0x0000000008001dbc      0x110 Stack.o
                0x0000000008001dbc                StackInit
                0x0000000008001df0                StackFree
                0x0000000008001e08                StackPush
                0x0000000008001e30                StackPop
                0x0000000008001e50                StackCopy
                0x0000000008001eac                StackIsEmpty
                0x0000000008001eb4                StackIsFull
                0x0000000008001ebc                StackGetSize
 .text          0x0000000008001ecc       0xbc /home/bram/devkitPro/libgba/lib/libgba.a(input.o)
                0x0000000008001ecc                setRepeat
                0x0000000008001ed8                scanKeys
                0x0000000008001f4c                keysDownRepeat
                0x0000000008001f5c                keysDown
                0x0000000008001f6c                keysUp
                0x0000000008001f7c                keysHeld
 .text          0x0000000008001f88      0x580 /home/bram/devkitPro/libgba/lib/libgba.a(console.o)
                0x0000000008001f88                con_read
                0x0000000008001f90                con_close
                0x0000000008001f98                con_open
                0x0000000008001fa8                con_write
                0x00000000080021e0                consoleCls
                0x0000000008002210                upcvt_4bit
                0x0000000008002264                consoleInit
                0x0000000008002358                consoleDemoInit
                0x0000000008002454                consolePrintChar
 .text          0x0000000008002508      0x3bc /home/bram/devkitPro/libgba/lib/libgba.a(interrupt.o)
                0x0000000008002508                dummy
                0x000000000800250c                InitInterrupt
                0x0000000008002568                irqInit
                0x00000000080025c4                SetInterrupt
                0x00000000080026a8                irqSet
                0x000000000800278c                EnableInterrupt
                0x00000000080027d8                irqEnable
                0x000000000800282c                DisableInterrupt
                0x0000000008002878                irqDisable
 .text          0x00000000080028c4        0x8 /home/bram/devkitPro/libgba/lib/libgba.a(CpuSet.o)
                0x00000000080028c4                CpuSet
                0x00000000080028c8                CpuFastSet
 .text          0x00000000080028cc      0x150 /home/bram/devkitPro/devkitARM/bin/../lib/gcc/arm-none-eabi/7.1.0/thumb/libgcc.a(_divsi3.o)
                0x00000000080028cc                __aeabi_idiv
                0x00000000080028cc                __divsi3
                0x00000000080029fc                __aeabi_idivmod
 .text          0x0000000008002a1c        0x4 /home/bram/devkitPro/devkitARM/bin/../lib/gcc/arm-none-eabi/7.1.0/thumb/libgcc.a(_dvmd_tls.o)
                0x0000000008002a1c                __aeabi_ldiv0
                0x0000000008002a1c                __aeabi_idiv0
 .text          0x0000000008002a20      0x424 /home/bram/devkitPro/devkitARM/bin/../lib/gcc/arm-none-eabi/7.1.0/thumb/libgcc.a(_arm_addsubdf3.o)
                0x0000000008002a20                __aeabi_drsub
                0x0000000008002a28                __aeabi_dsub
                0x0000000008002a28                __subdf3
                0x0000000008002a2c                __adddf3
                0x0000000008002a2c                __aeabi_dadd
                0x0000000008002d3c                __aeabi_ui2d
                0x0000000008002d3c                __floatunsidf
                0x0000000008002d60                __floatsidf
                0x0000000008002d60                __aeabi_i2d
                0x0000000008002d88                __extendsfdf2
                0x0000000008002d88                __aeabi_f2d
                0x0000000008002dd0                __aeabi_ul2d
                0x0000000008002dd0                __floatundidf
                0x0000000008002de4                __floatdidf
                0x0000000008002de4                __aeabi_l2d
 .text          0x0000000008002e44      0x49c /home/bram/devkitPro/devkitARM/bin/../lib/gcc/arm-none-eabi/7.1.0/thumb/libgcc.a(_arm_muldivdf3.o)
                0x0000000008002e44                __aeabi_dmul
                0x0000000008002e44                __muldf3
                0x00000000080030d4                __aeabi_ddiv
                0x00000000080030d4                __divdf3
 .text          0x00000000080032e0      0x144 /home/bram/devkitPro/devkitARM/bin/../lib/gcc/arm-none-eabi/7.1.0/thumb/libgcc.a(_arm_cmpdf2.o)
                0x00000000080032e0                __gtdf2
                0x00000000080032e0                __gedf2
                0x00000000080032e8                __ltdf2
                0x00000000080032e8                __ledf2
                0x00000000080032f0                __cmpdf2
                0x00000000080032f0                __eqdf2
                0x00000000080032f0                __nedf2
                0x0000000008003378                __aeabi_cdrcmple
                0x0000000008003394                __aeabi_cdcmple
                0x0000000008003394                __aeabi_cdcmpeq
                0x00000000080033ac                __aeabi_dcmpeq
                0x00000000080033c4                __aeabi_dcmplt
                0x00000000080033dc                __aeabi_dcmple
                0x00000000080033f4                __aeabi_dcmpge
                0x000000000800340c                __aeabi_dcmpgt
 .text          0x0000000008003424       0x38 /home/bram/devkitPro/devkitARM/bin/../lib/gcc/arm-none-eabi/7.1.0/thumb/libgcc.a(_arm_unorddf2.o)
                0x0000000008003424                __aeabi_dcmpun
                0x0000000008003424                __unorddf2
 .text          0x000000000800345c       0x5c /home/bram/devkitPro/devkitARM/bin/../lib/gcc/arm-none-eabi/7.1.0/thumb/libgcc.a(_arm_fixdfsi.o)
                0x000000000800345c                __fixdfsi
                0x000000000800345c                __aeabi_d2iz
 .text          0x00000000080034b8      0x224 /home/bram/devkitPro/devkitARM/bin/../lib/gcc/arm-none-eabi/7.1.0/../../../../arm-none-eabi/lib/thumb/libg.a(lib_a-strcmp.o)
                0x00000000080034b8                strcmp
 .text          0x00000000080036dc      0x11c /home/bram/devkitPro/devkitARM/bin/../lib/gcc/arm-none-eabi/7.1.0/thumb/libgcc.a(_udivsi3.o)
                0x00000000080036dc                __udivsi3
                0x00000000080036dc                __aeabi_uidiv
                0x00000000080037d8                __aeabi_uidivmod
 .text          0x00000000080037f8       0x3c /home/bram/devkitPro/devkitARM/bin/../lib/gcc/arm-none-eabi/7.1.0/thumb/libgcc.a(_aeabi_uldivmod.o)
                0x00000000080037f8                __aeabi_uldivmod
 .text          0x0000000008003834       0x28 /home/bram/devkitPro/devkitARM/bin/../lib/gcc/arm-none-eabi/7.1.0/thumb/libgcc.a(_clzdi2.o)
                0x0000000008003834                __clzdi2
 .text          0x000000000800385c       0x48 /home/bram/devkitPro/devkitARM/bin/../lib/gcc/arm-none-eabi/7.1.0/thumb/libgcc.a(_clzsi2.o)
                0x000000000800385c                __clzsi2
 *(.text .stub .text.* .gnu.linkonce.t.*)
 .text.deregister_tm_clones
                0x00000000080038a4       0x2c /home/bram/devkitPro/devkitARM/bin/../lib/gcc/arm-none-eabi/7.1.0/thumb/crtbegin.o
 .text.register_tm_clones
                0x00000000080038d0       0x34 /home/bram/devkitPro/devkitARM/bin/../lib/gcc/arm-none-eabi/7.1.0/thumb/crtbegin.o
 .text.__do_global_dtors_aux
                0x0000000008003904       0x30 /home/bram/devkitPro/devkitARM/bin/../lib/gcc/arm-none-eabi/7.1.0/thumb/crtbegin.o
 .text.frame_dummy
                0x0000000008003934       0x28 /home/bram/devkitPro/devkitARM/bin/../lib/gcc/arm-none-eabi/7.1.0/thumb/crtbegin.o
 .text.startup  0x000000000800395c      0x744 FourierTransform.o
                0x000000000800395c                main
 .text.cos      0x00000000080040a0       0x90 /home/bram/devkitPro/devkitARM/bin/../lib/gcc/arm-none-eabi/7.1.0/../../../../arm-none-eabi/lib/thumb/libm.a(lib_a-s_cos.o)
                0x00000000080040a0                cos
 .text.sin      0x0000000008004130       0x94 /home/bram/devkitPro/devkitARM/bin/../lib/gcc/arm-none-eabi/7.1.0/../../../../arm-none-eabi/lib/thumb/libm.a(lib_a-s_sin.o)
                0x0000000008004130                sin
 .text.pow      0x00000000080041c4      0x374 /home/bram/devkitPro/devkitARM/bin/../lib/gcc/arm-none-eabi/7.1.0/../../../../arm-none-eabi/lib/thumb/libm.a(lib_a-w_pow.o)
                0x00000000080041c4                pow
 .text.sqrt     0x0000000008004538       0xcc /home/bram/devkitPro/devkitARM/bin/../lib/gcc/arm-none-eabi/7.1.0/../../../../arm-none-eabi/lib/thumb/libm.a(lib_a-w_sqrt.o)
                0x0000000008004538                sqrt
 .text.__ieee754_pow
                0x0000000008004604      0xabc /home/bram/devkitPro/devkitARM/bin/../lib/gcc/arm-none-eabi/7.1.0/../../../../arm-none-eabi/lib/thumb/libm.a(lib_a-e_pow.o)
                0x0000000008004604                __ieee754_pow
 .text.__ieee754_rem_pio2
                0x00000000080050c0      0x424 /home/bram/devkitPro/devkitARM/bin/../lib/gcc/arm-none-eabi/7.1.0/../../../../arm-none-eabi/lib/thumb/libm.a(lib_a-e_rem_pio2.o)
                0x00000000080050c0                __ieee754_rem_pio2
 .text.__ieee754_sqrt
                0x00000000080054e4      0x190 /home/bram/devkitPro/devkitARM/bin/../lib/gcc/arm-none-eabi/7.1.0/../../../../arm-none-eabi/lib/thumb/libm.a(lib_a-e_sqrt.o)
                0x00000000080054e4                __ieee754_sqrt
 .text.__kernel_cos
                0x0000000008005674      0x238 /home/bram/devkitPro/devkitARM/bin/../lib/gcc/arm-none-eabi/7.1.0/../../../../arm-none-eabi/lib/thumb/libm.a(lib_a-k_cos.o)
                0x0000000008005674                __kernel_cos
 .text.__kernel_rem_pio2
                0x00000000080058ac      0x8c4 /home/bram/devkitPro/devkitARM/bin/../lib/gcc/arm-none-eabi/7.1.0/../../../../arm-none-eabi/lib/thumb/libm.a(lib_a-k_rem_pio2.o)
                0x00000000080058ac                __kernel_rem_pio2
 .text.__kernel_sin
                0x0000000008006170      0x168 /home/bram/devkitPro/devkitARM/bin/../lib/gcc/arm-none-eabi/7.1.0/../../../../arm-none-eabi/lib/thumb/libm.a(lib_a-k_sin.o)
                0x0000000008006170                __kernel_sin
 .text.fabs     0x00000000080062d8        0x8 /home/bram/devkitPro/devkitARM/bin/../lib/gcc/arm-none-eabi/7.1.0/../../../../arm-none-eabi/lib/thumb/libm.a(lib_a-s_fabs.o)
                0x00000000080062d8                fabs
 .text.finite   0x00000000080062e0       0x14 /home/bram/devkitPro/devkitARM/bin/../lib/gcc/arm-none-eabi/7.1.0/../../../../arm-none-eabi/lib/thumb/libm.a(lib_a-s_finite.o)
                0x00000000080062e0                finite
 .text.floor    0x00000000080062f4      0x13c /home/bram/devkitPro/devkitARM/bin/../lib/gcc/arm-none-eabi/7.1.0/../../../../arm-none-eabi/lib/thumb/libm.a(lib_a-s_floor.o)
                0x00000000080062f4                floor
 .text.matherr  0x0000000008006430        0x4 /home/bram/devkitPro/devkitARM/bin/../lib/gcc/arm-none-eabi/7.1.0/../../../../arm-none-eabi/lib/thumb/libm.a(lib_a-s_matherr.o)
                0x0000000008006430                matherr
 .text.nan      0x0000000008006434        0xc /home/bram/devkitPro/devkitARM/bin/../lib/gcc/arm-none-eabi/7.1.0/../../../../arm-none-eabi/lib/thumb/libm.a(lib_a-s_nan.o)
                0x0000000008006434                nan
 .text.rint     0x0000000008006440      0x124 /home/bram/devkitPro/devkitARM/bin/../lib/gcc/arm-none-eabi/7.1.0/../../../../arm-none-eabi/lib/thumb/libm.a(lib_a-s_rint.o)
                0x0000000008006440                rint
 .text.scalbn   0x0000000008006564       0xd4 /home/bram/devkitPro/devkitARM/bin/../lib/gcc/arm-none-eabi/7.1.0/../../../../arm-none-eabi/lib/thumb/libm.a(lib_a-s_scalbn.o)
                0x0000000008006564                scalbn
 .text.copysign
                0x0000000008006638       0x14 /home/bram/devkitPro/devkitARM/bin/../lib/gcc/arm-none-eabi/7.1.0/../../../../arm-none-eabi/lib/thumb/libm.a(lib_a-s_copysign.o)
                0x0000000008006638                copysign
 .text.calloc   0x000000000800664c       0x18 /home/bram/devkitPro/devkitARM/bin/../lib/gcc/arm-none-eabi/7.1.0/../../../../arm-none-eabi/lib/thumb/libg.a(lib_a-calloc.o)
                0x000000000800664c                calloc
 .text._calloc_r
                0x0000000008006664       0x60 /home/bram/devkitPro/devkitARM/bin/../lib/gcc/arm-none-eabi/7.1.0/../../../../arm-none-eabi/lib/thumb/libg.a(lib_a-callocr.o)
                0x0000000008006664                _calloc_r
 .text.__errno  0x00000000080066c4        0xc /home/bram/devkitPro/devkitARM/bin/../lib/gcc/arm-none-eabi/7.1.0/../../../../arm-none-eabi/lib/thumb/libg.a(lib_a-errno.o)
                0x00000000080066c4                __errno
 .text.__libc_init_array
                0x00000000080066d0       0x54 /home/bram/devkitPro/devkitARM/bin/../lib/gcc/arm-none-eabi/7.1.0/../../../../arm-none-eabi/lib/thumb/libg.a(lib_a-init.o)
                0x00000000080066d0                __libc_init_array
 .text.iprintf  0x0000000008006724       0x24 /home/bram/devkitPro/devkitARM/bin/../lib/gcc/arm-none-eabi/7.1.0/../../../../arm-none-eabi/lib/thumb/libg.a(lib_a-iprintf.o)
                0x0000000008006724                iprintf
 .text.malloc   0x0000000008006748       0x14 /home/bram/devkitPro/devkitARM/bin/../lib/gcc/arm-none-eabi/7.1.0/../../../../arm-none-eabi/lib/thumb/libg.a(lib_a-malloc.o)
                0x0000000008006748                malloc
 .text.free     0x000000000800675c       0x14 /home/bram/devkitPro/devkitARM/bin/../lib/gcc/arm-none-eabi/7.1.0/../../../../arm-none-eabi/lib/thumb/libg.a(lib_a-malloc.o)
                0x000000000800675c                free
 .text._malloc_r
                0x0000000008006770      0x56c /home/bram/devkitPro/devkitARM/bin/../lib/gcc/arm-none-eabi/7.1.0/../../../../arm-none-eabi/lib/thumb/libg.a(lib_a-mallocr.o)
                0x0000000008006770                _malloc_r
 .text.memcpy   0x0000000008006cdc       0x8c /home/bram/devkitPro/devkitARM/bin/../lib/gcc/arm-none-eabi/7.1.0/../../../../arm-none-eabi/lib/thumb/libg.a(lib_a-memcpy-stub.o)
                0x0000000008006cdc                memcpy
 .text.memset   0x0000000008006d68       0xa4 /home/bram/devkitPro/devkitARM/bin/../lib/gcc/arm-none-eabi/7.1.0/../../../../arm-none-eabi/lib/thumb/libg.a(lib_a-memset.o)
                0x0000000008006d68                memset
 .text.__malloc_lock
                0x0000000008006e0c       0x14 /home/bram/devkitPro/devkitARM/bin/../lib/gcc/arm-none-eabi/7.1.0/../../../../arm-none-eabi/lib/thumb/libg.a(lib_a-mlock.o)
                0x0000000008006e0c                __malloc_lock
 .text.__malloc_unlock
                0x0000000008006e20       0x14 /home/bram/devkitPro/devkitARM/bin/../lib/gcc/arm-none-eabi/7.1.0/../../../../arm-none-eabi/lib/thumb/libg.a(lib_a-mlock.o)
                0x0000000008006e20                __malloc_unlock
 .text.srand    0x0000000008006e34       0x18 /home/bram/devkitPro/devkitARM/bin/../lib/gcc/arm-none-eabi/7.1.0/../../../../arm-none-eabi/lib/thumb/libg.a(lib_a-rand.o)
                0x0000000008006e34                srand
 .text.rand     0x0000000008006e4c       0x34 /home/bram/devkitPro/devkitARM/bin/../lib/gcc/arm-none-eabi/7.1.0/../../../../arm-none-eabi/lib/thumb/libg.a(lib_a-rand.o)
                0x0000000008006e4c                rand
 .text.setvbuf  0x0000000008006e80      0x194 /home/bram/devkitPro/devkitARM/bin/../lib/gcc/arm-none-eabi/7.1.0/../../../../arm-none-eabi/lib/thumb/libg.a(lib_a-setvbuf.o)
                0x0000000008006e80                setvbuf
 .text.siscanf  0x0000000008007014       0x4c /home/bram/devkitPro/devkitARM/bin/../lib/gcc/arm-none-eabi/7.1.0/../../../../arm-none-eabi/lib/thumb/libg.a(lib_a-siscanf.o)
                0x0000000008007014                siscanf
 .text.__sread  0x0000000008007060       0x34 /home/bram/devkitPro/devkitARM/bin/../lib/gcc/arm-none-eabi/7.1.0/../../../../arm-none-eabi/lib/thumb/libg.a(lib_a-stdio.o)
                0x0000000008007060                __sread
 .text.__seofread
                0x0000000008007094        0x4 /home/bram/devkitPro/devkitARM/bin/../lib/gcc/arm-none-eabi/7.1.0/../../../../arm-none-eabi/lib/thumb/libg.a(lib_a-stdio.o)
                0x0000000008007094                __seofread
 .text.__swrite
                0x0000000008007098       0x48 /home/bram/devkitPro/devkitARM/bin/../lib/gcc/arm-none-eabi/7.1.0/../../../../arm-none-eabi/lib/thumb/libg.a(lib_a-stdio.o)
                0x0000000008007098                __swrite
 .text.__sseek  0x00000000080070e0       0x40 /home/bram/devkitPro/devkitARM/bin/../lib/gcc/arm-none-eabi/7.1.0/../../../../arm-none-eabi/lib/thumb/libg.a(lib_a-stdio.o)
                0x00000000080070e0                __sseek
 .text.__sclose
                0x0000000008007120       0x10 /home/bram/devkitPro/devkitARM/bin/../lib/gcc/arm-none-eabi/7.1.0/../../../../arm-none-eabi/lib/thumb/libg.a(lib_a-stdio.o)
                0x0000000008007120                __sclose
 .text.strlen   0x0000000008007130       0x68 /home/bram/devkitPro/devkitARM/bin/../lib/gcc/arm-none-eabi/7.1.0/../../../../arm-none-eabi/lib/thumb/libg.a(lib_a-strlen-stub.o)
                0x0000000008007130                strlen
 .text._sungetc_r
                0x0000000008007198       0x88 /home/bram/devkitPro/devkitARM/bin/../lib/gcc/arm-none-eabi/7.1.0/../../../../arm-none-eabi/lib/thumb/libg.a(lib_a-svfiscanf.o)
                0x0000000008007198                _sungetc_r
 .text.__ssrefill_r
                0x0000000008007220       0x44 /home/bram/devkitPro/devkitARM/bin/../lib/gcc/arm-none-eabi/7.1.0/../../../../arm-none-eabi/lib/thumb/libg.a(lib_a-svfiscanf.o)
                0x0000000008007220                __ssrefill_r
 .text._sfread_r
                0x0000000008007264       0x90 /home/bram/devkitPro/devkitARM/bin/../lib/gcc/arm-none-eabi/7.1.0/../../../../arm-none-eabi/lib/thumb/libg.a(lib_a-svfiscanf.o)
                0x0000000008007264                _sfread_r
 .text.__ssvfiscanf_r
                0x00000000080072f4     0x1344 /home/bram/devkitPro/devkitARM/bin/../lib/gcc/arm-none-eabi/7.1.0/../../../../arm-none-eabi/lib/thumb/libg.a(lib_a-svfiscanf.o)
                0x00000000080072f4                __ssvfiscanf_r
 .text.__submore
                0x0000000008008638       0x88 /home/bram/devkitPro/devkitARM/bin/../lib/gcc/arm-none-eabi/7.1.0/../../../../arm-none-eabi/lib/thumb/libg.a(lib_a-ungetc.o)
                0x0000000008008638                __submore
 .text.get_arg  0x00000000080086c0     0x3b24 /home/bram/devkitPro/devkitARM/bin/../lib/gcc/arm-none-eabi/7.1.0/../../../../arm-none-eabi/lib/thumb/libg.a(lib_a-vfiprintf.o)
 .text.__sprint_r.part.0
                0x000000000800c1e4       0x14 /home/bram/devkitPro/devkitARM/bin/../lib/gcc/arm-none-eabi/7.1.0/../../../../arm-none-eabi/lib/thumb/libg.a(lib_a-vfiprintf.o)
 .text._vfiprintf_r
                0x000000000800c1f8     0x1c48 /home/bram/devkitPro/devkitARM/bin/../lib/gcc/arm-none-eabi/7.1.0/../../../../arm-none-eabi/lib/thumb/libg.a(lib_a-vfiprintf.o)
                0x000000000800c1f8                _vfiprintf_r
 .text.__sbprintf
                0x000000000800de40       0x8c /home/bram/devkitPro/devkitARM/bin/../lib/gcc/arm-none-eabi/7.1.0/../../../../arm-none-eabi/lib/thumb/libg.a(lib_a-vfiprintf.o)
 .text._wcrtomb_r
                0x000000000800decc       0x84 /home/bram/devkitPro/devkitARM/bin/../lib/gcc/arm-none-eabi/7.1.0/../../../../arm-none-eabi/lib/thumb/libg.a(lib_a-wcrtomb.o)
                0x000000000800decc                _wcrtomb_r
 .text._wcsrtombs_r
                0x000000000800df50       0x1c /home/bram/devkitPro/devkitARM/bin/../lib/gcc/arm-none-eabi/7.1.0/../../../../arm-none-eabi/lib/thumb/libg.a(lib_a-wcsrtombs.o)
                0x000000000800df50                _wcsrtombs_r
 .text.__swsetup_r
                0x000000000800df6c       0xd8 /home/bram/devkitPro/devkitARM/bin/../lib/gcc/arm-none-eabi/7.1.0/../../../../arm-none-eabi/lib/thumb/libg.a(lib_a-wsetup.o)
                0x000000000800df6c                __swsetup_r
 .text.__sflush_r
                0x000000000800e044      0x19c /home/bram/devkitPro/devkitARM/bin/../lib/gcc/arm-none-eabi/7.1.0/../../../../arm-none-eabi/lib/thumb/libg.a(lib_a-fflush.o)
                0x000000000800e044                __sflush_r
 .text._fflush_r
                0x000000000800e1e0       0x58 /home/bram/devkitPro/devkitARM/bin/../lib/gcc/arm-none-eabi/7.1.0/../../../../arm-none-eabi/lib/thumb/libg.a(lib_a-fflush.o)
                0x000000000800e1e0                _fflush_r
 .text._cleanup_r
                0x000000000800e238       0x14 /home/bram/devkitPro/devkitARM/bin/../lib/gcc/arm-none-eabi/7.1.0/../../../../arm-none-eabi/lib/thumb/libg.a(lib_a-findfp.o)
                0x000000000800e238                _cleanup_r
 .text.std.isra.0
                0x000000000800e24c       0x54 /home/bram/devkitPro/devkitARM/bin/../lib/gcc/arm-none-eabi/7.1.0/../../../../arm-none-eabi/lib/thumb/libg.a(lib_a-findfp.o)
 .text.__sinit  0x000000000800e2a0       0x64 /home/bram/devkitPro/devkitARM/bin/../lib/gcc/arm-none-eabi/7.1.0/../../../../arm-none-eabi/lib/thumb/libg.a(lib_a-findfp.o)
                0x000000000800e2a0                __sinit
 .text.__sfp_lock_acquire
                0x000000000800e304       0x14 /home/bram/devkitPro/devkitARM/bin/../lib/gcc/arm-none-eabi/7.1.0/../../../../arm-none-eabi/lib/thumb/libg.a(lib_a-findfp.o)
                0x000000000800e304                __sfp_lock_acquire
 .text.__sfp_lock_release
                0x000000000800e318       0x14 /home/bram/devkitPro/devkitARM/bin/../lib/gcc/arm-none-eabi/7.1.0/../../../../arm-none-eabi/lib/thumb/libg.a(lib_a-findfp.o)
                0x000000000800e318                __sfp_lock_release
 .text._malloc_trim_r
                0x000000000800e32c       0xa4 /home/bram/devkitPro/devkitARM/bin/../lib/gcc/arm-none-eabi/7.1.0/../../../../arm-none-eabi/lib/thumb/libg.a(lib_a-freer.o)
                0x000000000800e32c                _malloc_trim_r
 .text._free_r  0x000000000800e3d0      0x1d8 /home/bram/devkitPro/devkitARM/bin/../lib/gcc/arm-none-eabi/7.1.0/../../../../arm-none-eabi/lib/thumb/libg.a(lib_a-freer.o)
                0x000000000800e3d0                _free_r
 .text.__sfvwrite_r
                0x000000000800e5a8      0x328 /home/bram/devkitPro/devkitARM/bin/../lib/gcc/arm-none-eabi/7.1.0/../../../../arm-none-eabi/lib/thumb/libg.a(lib_a-fvwrite.o)
                0x000000000800e5a8                __sfvwrite_r
 .text._fwalk_reent
                0x000000000800e8d0       0x54 /home/bram/devkitPro/devkitARM/bin/../lib/gcc/arm-none-eabi/7.1.0/../../../../arm-none-eabi/lib/thumb/libg.a(lib_a-fwalk.o)
                0x000000000800e8d0                _fwalk_reent
 .text.iswspace
                0x000000000800e924       0x78 /home/bram/devkitPro/devkitARM/bin/../lib/gcc/arm-none-eabi/7.1.0/../../../../arm-none-eabi/lib/thumb/libg.a(lib_a-iswspace.o)
                0x000000000800e924                iswspace
 .text.__jp2uc  0x000000000800e99c      0x1a0 /home/bram/devkitPro/devkitARM/bin/../lib/gcc/arm-none-eabi/7.1.0/../../../../arm-none-eabi/lib/thumb/libg.a(lib_a-jp2uc.o)
 .text._jp2uc   0x000000000800eb3c       0x8c /home/bram/devkitPro/devkitARM/bin/../lib/gcc/arm-none-eabi/7.1.0/../../../../arm-none-eabi/lib/thumb/libg.a(lib_a-jp2uc.o)
                0x000000000800eb3c                _jp2uc
 .text._localeconv_r
                0x000000000800ebc8       0x1c /home/bram/devkitPro/devkitARM/bin/../lib/gcc/arm-none-eabi/7.1.0/../../../../arm-none-eabi/lib/thumb/libg.a(lib_a-localeconv.o)
                0x000000000800ebc8                _localeconv_r
 .text.__locale_mb_cur_max
                0x000000000800ebe4       0x20 /home/bram/devkitPro/devkitARM/bin/../lib/gcc/arm-none-eabi/7.1.0/../../../../arm-none-eabi/lib/thumb/libg.a(lib_a-locale.o)
                0x000000000800ebe4                __locale_mb_cur_max
 .text.__locale_ctype_ptr_l
                0x000000000800ec04        0x8 /home/bram/devkitPro/devkitARM/bin/../lib/gcc/arm-none-eabi/7.1.0/../../../../arm-none-eabi/lib/thumb/libg.a(lib_a-locale.o)
                0x000000000800ec04                __locale_ctype_ptr_l
 .text.__locale_ctype_ptr
                0x000000000800ec0c       0x1c /home/bram/devkitPro/devkitARM/bin/../lib/gcc/arm-none-eabi/7.1.0/../../../../arm-none-eabi/lib/thumb/libg.a(lib_a-locale.o)
                0x000000000800ec0c                __locale_ctype_ptr
 .text.__swhatbuf_r
                0x000000000800ec28       0x64 /home/bram/devkitPro/devkitARM/bin/../lib/gcc/arm-none-eabi/7.1.0/../../../../arm-none-eabi/lib/thumb/libg.a(lib_a-makebuf.o)
                0x000000000800ec28                __swhatbuf_r
 .text.__smakebuf_r
                0x000000000800ec8c       0x98 /home/bram/devkitPro/devkitARM/bin/../lib/gcc/arm-none-eabi/7.1.0/../../../../arm-none-eabi/lib/thumb/libg.a(lib_a-makebuf.o)
                0x000000000800ec8c                __smakebuf_r
 .text._mbrtowc_r
                0x000000000800ed24       0x94 /home/bram/devkitPro/devkitARM/bin/../lib/gcc/arm-none-eabi/7.1.0/../../../../arm-none-eabi/lib/thumb/libg.a(lib_a-mbrtowc.o)
                0x000000000800ed24                _mbrtowc_r
 .text.__utf8_mbtowc
                0x000000000800edb8      0x28c /home/bram/devkitPro/devkitARM/bin/../lib/gcc/arm-none-eabi/7.1.0/../../../../arm-none-eabi/lib/thumb/libg.a(lib_a-mbtowc_r.o)
                0x000000000800edb8                __utf8_mbtowc
 .text.memchr   0x000000000800f044       0x84 /home/bram/devkitPro/devkitARM/bin/../lib/gcc/arm-none-eabi/7.1.0/../../../../arm-none-eabi/lib/thumb/libg.a(lib_a-memchr-stub.o)
                0x000000000800f044                memchr
 .text.memmove  0x000000000800f0c8       0xa0 /home/bram/devkitPro/devkitARM/bin/../lib/gcc/arm-none-eabi/7.1.0/../../../../arm-none-eabi/lib/thumb/libg.a(lib_a-memmove.o)
                0x000000000800f0c8                memmove
 .text._realloc_r
                0x000000000800f168      0x3c4 /home/bram/devkitPro/devkitARM/bin/../lib/gcc/arm-none-eabi/7.1.0/../../../../arm-none-eabi/lib/thumb/libg.a(lib_a-reallocr.o)
                0x000000000800f168                _realloc_r
 .text.__sccl   0x000000000800f52c       0x7c /home/bram/devkitPro/devkitARM/bin/../lib/gcc/arm-none-eabi/7.1.0/../../../../arm-none-eabi/lib/thumb/libg.a(lib_a-sccl.o)
                0x000000000800f52c                __sccl
 .text.strncpy  0x000000000800f5a8       0x90 /home/bram/devkitPro/devkitARM/bin/../lib/gcc/arm-none-eabi/7.1.0/../../../../arm-none-eabi/lib/thumb/libg.a(lib_a-strncpy.o)
                0x000000000800f5a8                strncpy
 .text._strtoll_l.isra.0
                0x000000000800f638      0x1bc /home/bram/devkitPro/devkitARM/bin/../lib/gcc/arm-none-eabi/7.1.0/../../../../arm-none-eabi/lib/thumb/libg.a(lib_a-strtoll.o)
 .text._strtoll_r
                0x000000000800f7f4       0x34 /home/bram/devkitPro/devkitARM/bin/../lib/gcc/arm-none-eabi/7.1.0/../../../../arm-none-eabi/lib/thumb/libg.a(lib_a-strtoll.o)
                0x000000000800f7f4                _strtoll_r
 .text._strtol_l.isra.0
                0x000000000800f828      0x140 /home/bram/devkitPro/devkitARM/bin/../lib/gcc/arm-none-eabi/7.1.0/../../../../arm-none-eabi/lib/thumb/libg.a(lib_a-strtol.o)
 .text._strtol_r
                0x000000000800f968       0x34 /home/bram/devkitPro/devkitARM/bin/../lib/gcc/arm-none-eabi/7.1.0/../../../../arm-none-eabi/lib/thumb/libg.a(lib_a-strtol.o)
                0x000000000800f968                _strtol_r
 .text._strtoull_l.isra.0
                0x000000000800f99c      0x1c8 /home/bram/devkitPro/devkitARM/bin/../lib/gcc/arm-none-eabi/7.1.0/../../../../arm-none-eabi/lib/thumb/libg.a(lib_a-strtoull.o)
 .text._strtoull_r
                0x000000000800fb64       0x34 /home/bram/devkitPro/devkitARM/bin/../lib/gcc/arm-none-eabi/7.1.0/../../../../arm-none-eabi/lib/thumb/libg.a(lib_a-strtoull.o)
                0x000000000800fb64                _strtoull_r
 .text._strtoul_l.isra.0
                0x000000000800fb98      0x14c /home/bram/devkitPro/devkitARM/bin/../lib/gcc/arm-none-eabi/7.1.0/../../../../arm-none-eabi/lib/thumb/libg.a(lib_a-strtoul.o)
 .text._strtoul_r
                0x000000000800fce4       0x34 /home/bram/devkitPro/devkitARM/bin/../lib/gcc/arm-none-eabi/7.1.0/../../../../arm-none-eabi/lib/thumb/libg.a(lib_a-strtoul.o)
                0x000000000800fce4                _strtoul_r
 .text._wcsnrtombs_l
                0x000000000800fd18      0x110 /home/bram/devkitPro/devkitARM/bin/../lib/gcc/arm-none-eabi/7.1.0/../../../../arm-none-eabi/lib/thumb/libg.a(lib_a-wcsnrtombs.o)
                0x000000000800fd18                _wcsnrtombs_l
 .text._wcsnrtombs_r
                0x000000000800fe28       0x40 /home/bram/devkitPro/devkitARM/bin/../lib/gcc/arm-none-eabi/7.1.0/../../../../arm-none-eabi/lib/thumb/libg.a(lib_a-wcsnrtombs.o)
                0x000000000800fe28                _wcsnrtombs_r
 .text.__utf8_wctomb
                0x000000000800fe68       0xbc /home/bram/devkitPro/devkitARM/bin/../lib/gcc/arm-none-eabi/7.1.0/../../../../arm-none-eabi/lib/thumb/libg.a(lib_a-wctomb_r.o)
                0x000000000800fe68                __utf8_wctomb
 .text._fclose_r
                0x000000000800ff24       0xe0 /home/bram/devkitPro/devkitARM/bin/../lib/gcc/arm-none-eabi/7.1.0/../../../../arm-none-eabi/lib/thumb/libg.a(lib_a-fclose.o)
                0x000000000800ff24                _fclose_r
 .text.null_write
                0x0000000008010004        0x4 /home/bram/devkitPro/devkitARM/bin/../lib/gcc/arm-none-eabi/7.1.0/../../../../arm-none-eabi/lib/thumb/libsysbase.a(iosupport.o)
 .text._close_r
                0x0000000008010008       0x5c /home/bram/devkitPro/devkitARM/bin/../lib/gcc/arm-none-eabi/7.1.0/../../../../arm-none-eabi/lib/thumb/libsysbase.a(close.o)
                0x0000000008010008                _close_r
 .text._fstat_r
                0x0000000008010064       0x4c /home/bram/devkitPro/devkitARM/bin/../lib/gcc/arm-none-eabi/7.1.0/../../../../arm-none-eabi/lib/thumb/libsysbase.a(fstat.o)
                0x0000000008010064                _fstat_r
 .text._isatty_r
                0x00000000080100b0        0x4 /home/bram/devkitPro/devkitARM/bin/../lib/gcc/arm-none-eabi/7.1.0/../../../../arm-none-eabi/lib/thumb/libsysbase.a(isatty.o)
                0x00000000080100b0                _isatty_r
 .text._lseek_r
                0x00000000080100b4       0x5c /home/bram/devkitPro/devkitARM/bin/../lib/gcc/arm-none-eabi/7.1.0/../../../../arm-none-eabi/lib/thumb/libsysbase.a(lseek.o)
                0x00000000080100b4                _lseek_r
 .text._read_r  0x0000000008010110       0x50 /home/bram/devkitPro/devkitARM/bin/../lib/gcc/arm-none-eabi/7.1.0/../../../../arm-none-eabi/lib/thumb/libsysbase.a(read.o)
                0x0000000008010110                _read_r
 .text._sbrk_r  0x0000000008010160       0x54 /home/bram/devkitPro/devkitARM/bin/../lib/gcc/arm-none-eabi/7.1.0/../../../../arm-none-eabi/lib/thumb/libsysbase.a(sbrk.o)
                0x0000000008010160                _sbrk_r
 .text._write_r
                0x00000000080101b4       0x50 /home/bram/devkitPro/devkitARM/bin/../lib/gcc/arm-none-eabi/7.1.0/../../../../arm-none-eabi/lib/thumb/libsysbase.a(write.o)
                0x00000000080101b4                _write_r
 .text.__flockfile
                0x0000000008010204       0x10 /home/bram/devkitPro/devkitARM/bin/../lib/gcc/arm-none-eabi/7.1.0/../../../../arm-none-eabi/lib/thumb/libsysbase.a(flock.o)
                0x0000000008010204                __flockfile
 .text.__funlockfile
                0x0000000008010214       0x10 /home/bram/devkitPro/devkitARM/bin/../lib/gcc/arm-none-eabi/7.1.0/../../../../arm-none-eabi/lib/thumb/libsysbase.a(flock.o)
                0x0000000008010214                __funlockfile
 .text.__libc_lock_acquire
                0x0000000008010224       0x1c /home/bram/devkitPro/devkitARM/bin/../lib/gcc/arm-none-eabi/7.1.0/../../../../arm-none-eabi/lib/thumb/libsysbase.a(syscall_support.o)
                0x0000000008010224                __libc_lock_acquire
 .text.__libc_lock_release
                0x0000000008010240       0x1c /home/bram/devkitPro/devkitARM/bin/../lib/gcc/arm-none-eabi/7.1.0/../../../../arm-none-eabi/lib/thumb/libsysbase.a(syscall_support.o)
                0x0000000008010240                __libc_lock_release
 .text.__libc_lock_init_recursive
                0x000000000801025c       0x1c /home/bram/devkitPro/devkitARM/bin/../lib/gcc/arm-none-eabi/7.1.0/../../../../arm-none-eabi/lib/thumb/libsysbase.a(syscall_support.o)
                0x000000000801025c                __libc_lock_init_recursive
 .text.__libc_lock_acquire_recursive
                0x0000000008010278       0x1c /home/bram/devkitPro/devkitARM/bin/../lib/gcc/arm-none-eabi/7.1.0/../../../../arm-none-eabi/lib/thumb/libsysbase.a(syscall_support.o)
                0x0000000008010278                __libc_lock_acquire_recursive
 .text.__libc_lock_release_recursive
                0x0000000008010294       0x1c /home/bram/devkitPro/devkitARM/bin/../lib/gcc/arm-none-eabi/7.1.0/../../../../arm-none-eabi/lib/thumb/libsysbase.a(syscall_support.o)
                0x0000000008010294                __libc_lock_release_recursive
 .text.__libc_lock_close_recursive
                0x00000000080102b0       0x1c /home/bram/devkitPro/devkitARM/bin/../lib/gcc/arm-none-eabi/7.1.0/../../../../arm-none-eabi/lib/thumb/libsysbase.a(syscall_support.o)
                0x00000000080102b0                __libc_lock_close_recursive
 .text.__release_handle
                0x00000000080102cc       0x6c /home/bram/devkitPro/devkitARM/bin/../lib/gcc/arm-none-eabi/7.1.0/../../../../arm-none-eabi/lib/thumb/libsysbase.a(handle_manager.o)
                0x00000000080102cc                __release_handle
 .text.__get_handle
                0x0000000008010338       0x1c /home/bram/devkitPro/devkitARM/bin/../lib/gcc/arm-none-eabi/7.1.0/../../../../arm-none-eabi/lib/thumb/libsysbase.a(handle_manager.o)
                0x0000000008010338                __get_handle
 .text.__getreent
                0x0000000008010354       0x28 /home/bram/devkitPro/devkitARM/bin/../lib/gcc/arm-none-eabi/7.1.0/../../../../arm-none-eabi/lib/thumb/libsysbase.a(getreent.o)
                0x0000000008010354                __getreent
 .text.__muldi3
                0x000000000801037c       0x60 /home/bram/devkitPro/devkitARM/bin/../lib/gcc/arm-none-eabi/7.1.0/thumb/libgcc.a(_muldi3.o)
                0x000000000801037c                __aeabi_lmul
                0x000000000801037c                __muldi3
 .text.__udivmoddi4
                0x00000000080103dc      0x188 /home/bram/devkitPro/devkitARM/bin/../lib/gcc/arm-none-eabi/7.1.0/thumb/libgcc.a(_udivmoddi4.o)
                0x00000000080103dc                __udivmoddi4
 *fill*         0x0000000008010564        0x4 ff
 .text.__udivmoddi4.__stub
                0x0000000008010568       0xb4 linker stubs
 *(.text.*personality*)
 *(.gnu.warning)
 *(.glue_7t)
 .glue_7t       0x0000000008010628        0x0 linker stubs
 *(.glue_7)
 .glue_7        0x0000000008010628        0x0 linker stubs
 *(.vfp11_veneer)
 .vfp11_veneer  0x0000000008010628        0x0 linker stubs
                0x0000000008010628                . = ALIGN (0x4)
                0x0000000008010628                __text_end = .

.v4_bx          0x0000000008010628        0x0
 .v4_bx         0x0000000008010628        0x0 linker stubs

.iplt           0x0000000008010628        0x0
 .iplt          0x0000000008010628        0x0 /home/bram/devkitPro/devkitARM/bin/../lib/gcc/arm-none-eabi/7.1.0/../../../../arm-none-eabi/lib/thumb/gba_crt0.o

.fini           0x0000000008010628        0xc
 *(.fini)
 .fini          0x0000000008010628        0x4 /home/bram/devkitPro/devkitARM/bin/../lib/gcc/arm-none-eabi/7.1.0/thumb/crti.o
                0x0000000008010628                _fini
 .fini          0x000000000801062c        0x8 /home/bram/devkitPro/devkitARM/bin/../lib/gcc/arm-none-eabi/7.1.0/thumb/crtn.o
                0x0000000008010634                . = ALIGN (0x4)

.rodata         0x0000000008010638     0x9994
 *(.rodata)
 .rodata        0x0000000008010638      0x1a4 /home/bram/devkitPro/libgba/lib/libgba.a(console.o)
                0x000000000801070c                dotab_stdout
                0x0000000008010774                dotab_stderr
 .rodata        0x00000000080107dc      0x804 /home/bram/devkitPro/libgba/lib/libgba.a(amiga.fnt.o)
                0x00000000080107dc                amiga_fnt
                0x0000000008010fdc                amiga_fnt_end
                0x0000000008010fdc                amiga_fnt_size
 *all.rodata*(*)
 *(.roda)
 *(.rodata.*)
 .rodata.str1.4
                0x0000000008010fe0       0xa6 FourierTransform.o
 *fill*         0x0000000008011086        0x2 ff
 .rodata.str1.4
                0x0000000008011088       0x2c /home/bram/devkitPro/libgba/lib/libgba.a(console.o)
 .rodata.pow.str1.4
                0x00000000080110b4        0x4 /home/bram/devkitPro/devkitARM/bin/../lib/gcc/arm-none-eabi/7.1.0/../../../../arm-none-eabi/lib/thumb/libm.a(lib_a-w_pow.o)
 .rodata.sqrt.str1.4
                0x00000000080110b8        0x5 /home/bram/devkitPro/devkitARM/bin/../lib/gcc/arm-none-eabi/7.1.0/../../../../arm-none-eabi/lib/thumb/libm.a(lib_a-w_sqrt.o)
 .rodata.__ieee754_pow.str1.4
                0x00000000080110bd        0x5 /home/bram/devkitPro/devkitARM/bin/../lib/gcc/arm-none-eabi/7.1.0/../../../../arm-none-eabi/lib/thumb/libm.a(lib_a-e_pow.o)
                                          0x1 (size before relaxing)
 *fill*         0x00000000080110bd        0x3 ff
 .rodata.npio2_hw
                0x00000000080110c0       0x80 /home/bram/devkitPro/devkitARM/bin/../lib/gcc/arm-none-eabi/7.1.0/../../../../arm-none-eabi/lib/thumb/libm.a(lib_a-e_rem_pio2.o)
 .rodata.two_over_pi
                0x0000000008011140      0x108 /home/bram/devkitPro/devkitARM/bin/../lib/gcc/arm-none-eabi/7.1.0/../../../../arm-none-eabi/lib/thumb/libm.a(lib_a-e_rem_pio2.o)
 .rodata.PIo2   0x0000000008011248       0x40 /home/bram/devkitPro/devkitARM/bin/../lib/gcc/arm-none-eabi/7.1.0/../../../../arm-none-eabi/lib/thumb/libm.a(lib_a-k_rem_pio2.o)
 .rodata.init_jk
                0x0000000008011288       0x10 /home/bram/devkitPro/devkitARM/bin/../lib/gcc/arm-none-eabi/7.1.0/../../../../arm-none-eabi/lib/thumb/libm.a(lib_a-k_rem_pio2.o)
 .rodata.TWO52  0x0000000008011298       0x10 /home/bram/devkitPro/devkitARM/bin/../lib/gcc/arm-none-eabi/7.1.0/../../../../arm-none-eabi/lib/thumb/libm.a(lib_a-s_rint.o)
 .rodata.__ssvfiscanf_r
                0x00000000080112a8      0x324 /home/bram/devkitPro/devkitARM/bin/../lib/gcc/arm-none-eabi/7.1.0/../../../../arm-none-eabi/lib/thumb/libg.a(lib_a-svfiscanf.o)
 .rodata.basefix.6821
                0x00000000080115cc       0x22 /home/bram/devkitPro/devkitARM/bin/../lib/gcc/arm-none-eabi/7.1.0/../../../../arm-none-eabi/lib/thumb/libg.a(lib_a-svfiscanf.o)
 *fill*         0x00000000080115ee        0x2 ff
 .rodata.get_arg
                0x00000000080115f0     0x4f8c /home/bram/devkitPro/devkitARM/bin/../lib/gcc/arm-none-eabi/7.1.0/../../../../arm-none-eabi/lib/thumb/libg.a(lib_a-vfiprintf.o)
 .rodata._vfiprintf_r
                0x000000000801657c      0x16c /home/bram/devkitPro/devkitARM/bin/../lib/gcc/arm-none-eabi/7.1.0/../../../../arm-none-eabi/lib/thumb/libg.a(lib_a-vfiprintf.o)
 .rodata._vfiprintf_r.str1.4
                0x00000000080166e8       0x2f /home/bram/devkitPro/devkitARM/bin/../lib/gcc/arm-none-eabi/7.1.0/../../../../arm-none-eabi/lib/thumb/libg.a(lib_a-vfiprintf.o)
 *fill*         0x0000000008016717        0x1 ff
 .rodata.blanks.7270
                0x0000000008016718       0x10 /home/bram/devkitPro/devkitARM/bin/../lib/gcc/arm-none-eabi/7.1.0/../../../../arm-none-eabi/lib/thumb/libg.a(lib_a-vfiprintf.o)
 .rodata.zeroes.7271
                0x0000000008016728       0x10 /home/bram/devkitPro/devkitARM/bin/../lib/gcc/arm-none-eabi/7.1.0/../../../../arm-none-eabi/lib/thumb/libg.a(lib_a-vfiprintf.o)
 .rodata.__jp2uc
                0x0000000008016738       0x20 /home/bram/devkitPro/devkitARM/bin/../lib/gcc/arm-none-eabi/7.1.0/../../../../arm-none-eabi/lib/thumb/libg.a(lib_a-jp2uc.o)
 .rodata._jp2uc.str1.4
                0x0000000008016758       0x12 /home/bram/devkitPro/devkitARM/bin/../lib/gcc/arm-none-eabi/7.1.0/../../../../arm-none-eabi/lib/thumb/libg.a(lib_a-jp2uc.o)
 *fill*         0x000000000801676a        0x2 ff
 .rodata.a1     0x000000000801676c       0xbc /home/bram/devkitPro/devkitARM/bin/../lib/gcc/arm-none-eabi/7.1.0/../../../../arm-none-eabi/lib/thumb/libg.a(lib_a-jp2uc.o)
 .rodata.a2     0x0000000008016828       0xbc /home/bram/devkitPro/devkitARM/bin/../lib/gcc/arm-none-eabi/7.1.0/../../../../arm-none-eabi/lib/thumb/libg.a(lib_a-jp2uc.o)
 .rodata.a3     0x00000000080168e4       0x5b /home/bram/devkitPro/devkitARM/bin/../lib/gcc/arm-none-eabi/7.1.0/../../../../arm-none-eabi/lib/thumb/libg.a(lib_a-jp2uc.o)
 *fill*         0x000000000801693f        0x1 ff
 .rodata.a6     0x0000000008016940       0x70 /home/bram/devkitPro/devkitARM/bin/../lib/gcc/arm-none-eabi/7.1.0/../../../../arm-none-eabi/lib/thumb/libg.a(lib_a-jp2uc.o)
 .rodata.a7     0x00000000080169b0       0xa2 /home/bram/devkitPro/devkitARM/bin/../lib/gcc/arm-none-eabi/7.1.0/../../../../arm-none-eabi/lib/thumb/libg.a(lib_a-jp2uc.o)
 *fill*         0x0000000008016a52        0x2 ff
 .rodata.a8     0x0000000008016a54       0x40 /home/bram/devkitPro/devkitARM/bin/../lib/gcc/arm-none-eabi/7.1.0/../../../../arm-none-eabi/lib/thumb/libg.a(lib_a-jp2uc.o)
 .rodata.b02cf  0x0000000008016a94     0x172a /home/bram/devkitPro/devkitARM/bin/../lib/gcc/arm-none-eabi/7.1.0/../../../../arm-none-eabi/lib/thumb/libg.a(lib_a-jp2uc.o)
 *fill*         0x00000000080181be        0x2 ff
 .rodata.d02f4  0x00000000080181c0     0x1a7c /home/bram/devkitPro/devkitARM/bin/../lib/gcc/arm-none-eabi/7.1.0/../../../../arm-none-eabi/lib/thumb/libg.a(lib_a-jp2uc.o)
 .rodata.str1.4
                0x0000000008019c3c       0x44 /home/bram/devkitPro/devkitARM/bin/../lib/gcc/arm-none-eabi/7.1.0/../../../../arm-none-eabi/lib/thumb/libg.a(lib_a-locale.o)
                                         0x4c (size before relaxing)
 .rodata._mbrtowc_r.str1.4
                0x0000000008019c80        0x1 /home/bram/devkitPro/devkitARM/bin/../lib/gcc/arm-none-eabi/7.1.0/../../../../arm-none-eabi/lib/thumb/libg.a(lib_a-mbrtowc.o)
 .rodata.__action_table
                0x0000000008019c80       0x6c /home/bram/devkitPro/devkitARM/bin/../lib/gcc/arm-none-eabi/7.1.0/../../../../arm-none-eabi/lib/thumb/libg.a(lib_a-svfiprintf.o)
                0x0000000008019c80                __action_table
 .rodata.__chclass
                0x0000000008019cec      0x100 /home/bram/devkitPro/devkitARM/bin/../lib/gcc/arm-none-eabi/7.1.0/../../../../arm-none-eabi/lib/thumb/libg.a(lib_a-svfiprintf.o)
                0x0000000008019cec                __chclass
 .rodata.__state_table
                0x0000000008019dec       0x6c /home/bram/devkitPro/devkitARM/bin/../lib/gcc/arm-none-eabi/7.1.0/../../../../arm-none-eabi/lib/thumb/libg.a(lib_a-svfiprintf.o)
                0x0000000008019dec                __state_table
 .rodata._ctype_
                0x0000000008019e58      0x101 /home/bram/devkitPro/devkitARM/bin/../lib/gcc/arm-none-eabi/7.1.0/../../../../arm-none-eabi/lib/thumb/libg.a(lib_a-ctype_.o)
                0x0000000008019e58                _ctype_
 *fill*         0x0000000008019f59        0x3 ff
 .rodata.AddDevice.str1.4
                0x0000000008019f5c        0x8 /home/bram/devkitPro/devkitARM/bin/../lib/gcc/arm-none-eabi/7.1.0/../../../../arm-none-eabi/lib/thumb/libsysbase.a(iosupport.o)
 .rodata.dotab_stdnull
                0x0000000008019f64       0x68 /home/bram/devkitPro/devkitARM/bin/../lib/gcc/arm-none-eabi/7.1.0/../../../../arm-none-eabi/lib/thumb/libsysbase.a(iosupport.o)
                0x0000000008019f64                dotab_stdnull
 *(.gnu.linkonce.r*)
                0x0000000008019fcc                . = ALIGN (0x4)

.ARM.extab
 *(.ARM.extab* .gnu.linkonce.armextab.*)
                0x0000000008019fcc                __exidx_start = .

.ARM.exidx
 *(.ARM.exidx* .gnu.linkonce.armexidx.*)
                0x0000000008019fcc                __exidx_end = .

.ctors          0x0000000008019fcc        0x0
 *crtbegin.o(.ctors)
 *(EXCLUDE_FILE(*crtend.o) .ctors)
 *(SORT(.ctors.*))
 *(.ctors)
                0x0000000008019fcc                . = ALIGN (0x4)

.dtors          0x0000000008019fcc        0x0
 *crtbegin.o(.dtors)
 *(EXCLUDE_FILE(*crtend.o) .dtors)
 *(SORT(.dtors.*))
 *(.dtors)
                0x0000000008019fcc                . = ALIGN (0x4)

.eh_frame       0x0000000008019fcc        0x4
 *(.eh_frame)
 .eh_frame      0x0000000008019fcc        0x0 /home/bram/devkitPro/devkitARM/bin/../lib/gcc/arm-none-eabi/7.1.0/thumb/crtbegin.o
 .eh_frame      0x0000000008019fcc        0x4 /home/bram/devkitPro/devkitARM/bin/../lib/gcc/arm-none-eabi/7.1.0/thumb/crtend.o
                0x0000000008019fd0                . = ALIGN (0x4)

.gcc_except_table
                0x0000000008019fd0        0x0
 *(.gcc_except_table)
                0x0000000008019fd0                . = ALIGN (0x4)
                0x0000000008019fd0                __iwram_lma = .

.iwram          0x0000000003000000       0xb8 load address 0x0000000008019fd0
                0x0000000003000000                __iwram_start__ = ABSOLUTE (.)
 *(.iwram)
 .iwram         0x0000000003000000       0xb8 /home/bram/devkitPro/libgba/lib/libgba.a(InterruptDispatcher.o)
                0x0000000003000000                IntrMain
 *iwram.*(.text)
                0x00000000030000b8                . = ALIGN (0x4)
                0x00000000030000b8                __iwram_end__ = ABSOLUTE (.)
                0x000000000801a088                __data_lma = (__iwram_lma + SIZEOF (.iwram))

.rel.dyn        0x00000000030000b8        0x0 load address 0x000000000801a088
 .rel.iplt      0x00000000030000b8        0x0 /home/bram/devkitPro/devkitARM/bin/../lib/gcc/arm-none-eabi/7.1.0/../../../../arm-none-eabi/lib/thumb/gba_crt0.o

.bss            0x00000000030000b8      0x134
                0x00000000030000b8                __bss_start = ABSOLUTE (.)
                0x00000000030000b8                __bss_start__ = ABSOLUTE (.)
 *(.dynbss)
 *(.gnu.linkonce.b*)
 *(.bss*)
 .bss.completed.6484
                0x00000000030000b8        0x1 /home/bram/devkitPro/devkitARM/bin/../lib/gcc/arm-none-eabi/7.1.0/thumb/crtbegin.o
 *fill*         0x00000000030000b9        0x3 
 .bss.object.6489
                0x00000000030000bc       0x18 /home/bram/devkitPro/devkitARM/bin/../lib/gcc/arm-none-eabi/7.1.0/thumb/crtbegin.o
 .bss           0x00000000030000d4        0xa /home/bram/devkitPro/libgba/lib/libgba.a(input.o)
 *fill*         0x00000000030000de        0x2 
 .bss           0x00000000030000e0       0x1c /home/bram/devkitPro/libgba/lib/libgba.a(console.o)
 .bss.__malloc_current_mallinfo
                0x00000000030000fc       0x28 /home/bram/devkitPro/devkitARM/bin/../lib/gcc/arm-none-eabi/7.1.0/../../../../arm-none-eabi/lib/thumb/libg.a(lib_a-mallocr.o)
                0x00000000030000fc                __malloc_current_mallinfo
 .bss.__malloc_max_sbrked_mem
                0x0000000003000124        0x4 /home/bram/devkitPro/devkitARM/bin/../lib/gcc/arm-none-eabi/7.1.0/../../../../arm-none-eabi/lib/thumb/libg.a(lib_a-mallocr.o)
                0x0000000003000124                __malloc_max_sbrked_mem
 .bss.__malloc_max_total_mem
                0x0000000003000128        0x4 /home/bram/devkitPro/devkitARM/bin/../lib/gcc/arm-none-eabi/7.1.0/../../../../arm-none-eabi/lib/thumb/libg.a(lib_a-mallocr.o)
                0x0000000003000128                __malloc_max_total_mem
 .bss.__malloc_top_pad
                0x000000000300012c        0x4 /home/bram/devkitPro/devkitARM/bin/../lib/gcc/arm-none-eabi/7.1.0/../../../../arm-none-eabi/lib/thumb/libg.a(lib_a-mallocr.o)
                0x000000000300012c                __malloc_top_pad
 .bss.heap_start.5814
                0x0000000003000130        0x4 /home/bram/devkitPro/devkitARM/bin/../lib/gcc/arm-none-eabi/7.1.0/../../../../arm-none-eabi/lib/thumb/libsysbase.a(sbrk.o)
 .bss.fake_heap_end
                0x0000000003000134        0x4 /home/bram/devkitPro/devkitARM/bin/../lib/gcc/arm-none-eabi/7.1.0/../../../../arm-none-eabi/lib/thumb/libsysbase.a(malloc_vars.o)
                0x0000000003000134                fake_heap_end
 .bss.fake_heap_start
                0x0000000003000138        0x4 /home/bram/devkitPro/devkitARM/bin/../lib/gcc/arm-none-eabi/7.1.0/../../../../arm-none-eabi/lib/thumb/libsysbase.a(malloc_vars.o)
                0x0000000003000138                fake_heap_start
 .bss.__syscalls
                0x000000000300013c       0x38 /home/bram/devkitPro/devkitARM/bin/../lib/gcc/arm-none-eabi/7.1.0/../../../../arm-none-eabi/lib/thumb/libsysbase.a(syscall_support.o)
                0x000000000300013c                __syscalls
 *(COMMON)
 COMMON         0x0000000003000174       0x78 /home/bram/devkitPro/libgba/lib/libgba.a(interrupt.o)
                0x0000000003000174                IntrTable
                0x00000000030001ec                . = ALIGN (0x4)
                0x00000000030001ec                __bss_end__ = ABSOLUTE (.)

.data           0x00000000030001ec     0x1a80 load address 0x000000000801a088
                0x00000000030001ec                __data_start__ = ABSOLUTE (.)
 *(.data)
 *fill*         0x00000000030001ec        0x4 ff
 .data          0x00000000030001f0        0x8 MathMethods.o
 .data          0x00000000030001f8        0x3 /home/bram/devkitPro/libgba/lib/libgba.a(input.o)
 *(.data.*)
 .data.__fdlib_version
                0x00000000030001fb        0x1 /home/bram/devkitPro/devkitARM/bin/../lib/gcc/arm-none-eabi/7.1.0/../../../../arm-none-eabi/lib/thumb/libm.a(lib_a-s_lib_ver.o)
                0x00000000030001fb                __fdlib_version
 .data.__malloc_av_
                0x00000000030001fc      0x408 /home/bram/devkitPro/devkitARM/bin/../lib/gcc/arm-none-eabi/7.1.0/../../../../arm-none-eabi/lib/thumb/libg.a(lib_a-mallocr.o)
                0x00000000030001fc                __malloc_av_
 .data.__malloc_sbrk_base
                0x0000000003000604        0x4 /home/bram/devkitPro/devkitARM/bin/../lib/gcc/arm-none-eabi/7.1.0/../../../../arm-none-eabi/lib/thumb/libg.a(lib_a-mallocr.o)
                0x0000000003000604                __malloc_sbrk_base
 .data.__malloc_trim_threshold
                0x0000000003000608        0x4 /home/bram/devkitPro/devkitARM/bin/../lib/gcc/arm-none-eabi/7.1.0/../../../../arm-none-eabi/lib/thumb/libg.a(lib_a-mallocr.o)
                0x0000000003000608                __malloc_trim_threshold
 .data.__malloc_lock_object
                0x000000000300060c        0xc /home/bram/devkitPro/devkitARM/bin/../lib/gcc/arm-none-eabi/7.1.0/../../../../arm-none-eabi/lib/thumb/libg.a(lib_a-mlock.o)
 .data.__sfp_lock
                0x0000000003000618        0xc /home/bram/devkitPro/devkitARM/bin/../lib/gcc/arm-none-eabi/7.1.0/../../../../arm-none-eabi/lib/thumb/libg.a(lib_a-findfp.o)
 .data.__sinit_lock
                0x0000000003000624        0xc /home/bram/devkitPro/devkitARM/bin/../lib/gcc/arm-none-eabi/7.1.0/../../../../arm-none-eabi/lib/thumb/libg.a(lib_a-findfp.o)
 .data._impure_ptr
                0x0000000003000630        0x4 /home/bram/devkitPro/devkitARM/bin/../lib/gcc/arm-none-eabi/7.1.0/../../../../arm-none-eabi/lib/thumb/libg.a(lib_a-impure.o)
                0x0000000003000630                _impure_ptr
 *fill*         0x0000000003000634        0x4 ff
 .data.impure_data
                0x0000000003000638      0x460 /home/bram/devkitPro/devkitARM/bin/../lib/gcc/arm-none-eabi/7.1.0/../../../../arm-none-eabi/lib/thumb/libg.a(lib_a-impure.o)
 .data.__global_locale
                0x0000000003000a98      0x16c /home/bram/devkitPro/devkitARM/bin/../lib/gcc/arm-none-eabi/7.1.0/../../../../arm-none-eabi/lib/thumb/libg.a(lib_a-locale.o)
                0x0000000003000a98                __global_locale
 .data.devoptab_list
                0x0000000003000c04       0x40 /home/bram/devkitPro/devkitARM/bin/../lib/gcc/arm-none-eabi/7.1.0/../../../../arm-none-eabi/lib/thumb/libsysbase.a(iosupport.o)
                0x0000000003000c04                devoptab_list
 .data.__hndl_lock
                0x0000000003000c44        0x4 /home/bram/devkitPro/devkitARM/bin/../lib/gcc/arm-none-eabi/7.1.0/../../../../arm-none-eabi/lib/thumb/libsysbase.a(handle_manager.o)
 .data.__stderr_handle
                0x0000000003000c48        0xc /home/bram/devkitPro/devkitARM/bin/../lib/gcc/arm-none-eabi/7.1.0/../../../../arm-none-eabi/lib/thumb/libsysbase.a(handle_manager.o)
 .data.__stdin_handle
                0x0000000003000c54        0xc /home/bram/devkitPro/devkitARM/bin/../lib/gcc/arm-none-eabi/7.1.0/../../../../arm-none-eabi/lib/thumb/libsysbase.a(handle_manager.o)
 .data.__stdout_handle
                0x0000000003000c60        0xc /home/bram/devkitPro/devkitARM/bin/../lib/gcc/arm-none-eabi/7.1.0/../../../../arm-none-eabi/lib/thumb/libsysbase.a(handle_manager.o)
 .data.handles  0x0000000003000c6c     0x1000 /home/bram/devkitPro/devkitARM/bin/../lib/gcc/arm-none-eabi/7.1.0/../../../../arm-none-eabi/lib/thumb/libsysbase.a(handle_manager.o)
 *(.gnu.linkonce.d*)
                0x0000000003001c6c                . = ALIGN (0x4)
                0x000000000801bb08                __preinit_lma = (__data_lma + SIZEOF (.data))

.igot.plt       0x0000000003001c6c        0x0 load address 0x000000000801bb08
 .igot.plt      0x0000000003001c6c        0x0 /home/bram/devkitPro/devkitARM/bin/../lib/gcc/arm-none-eabi/7.1.0/../../../../arm-none-eabi/lib/thumb/gba_crt0.o

.tm_clone_table
                0x0000000003001c6c        0x0 load address 0x000000000801bb08
 .tm_clone_table
                0x0000000003001c6c        0x0 /home/bram/devkitPro/devkitARM/bin/../lib/gcc/arm-none-eabi/7.1.0/thumb/crtbegin.o
 .tm_clone_table
                0x0000000003001c6c        0x0 /home/bram/devkitPro/devkitARM/bin/../lib/gcc/arm-none-eabi/7.1.0/thumb/crtend.o

.preinit_array  0x0000000003001c6c        0x0 load address 0x000000000801bb08
                0x0000000003001c6c                __preinit_array_start = ABSOLUTE (.)
 *(.preinit_array)
                0x0000000003001c6c                __preinit_array_end = ABSOLUTE (.)
                0x000000000801bb08                __init_lma = (__preinit_lma + SIZEOF (.preinit_array))

.init_array     0x0000000003001c6c        0x4 load address 0x000000000801bb08
                0x0000000003001c6c                __init_array_start = ABSOLUTE (.)
 *(SORT(.init_array.*))
 *(.init_array)
 .init_array    0x0000000003001c6c        0x4 /home/bram/devkitPro/devkitARM/bin/../lib/gcc/arm-none-eabi/7.1.0/thumb/crtbegin.o
                0x0000000003001c70                __init_array_end = ABSOLUTE (.)
                0x000000000801bb0c                __fini_lma = (__init_lma + SIZEOF (.init_array))

.fini_array     0x0000000003001c70        0x4 load address 0x000000000801bb0c
                0x0000000003001c70                __fini_array_start = ABSOLUTE (.)
 *(SORT(.fini_array.*))
 *(.fini_array)
 .fini_array    0x0000000003001c70        0x4 /home/bram/devkitPro/devkitARM/bin/../lib/gcc/arm-none-eabi/7.1.0/thumb/crtbegin.o
                0x0000000003001c74                __fini_array_end = ABSOLUTE (.)
                0x000000000801bb10                __jcr_lma = (__fini_lma + SIZEOF (.fini_array))

.jcr            0x0000000003001c74        0x0 load address 0x000000000801bb10
 *(.jcr)
                0x0000000003001c74                __data_end__ = ABSOLUTE (.)
                0x000000000801bb10                __iwram_overlay_lma = (__jcr_lma + SIZEOF (.jcr))
                0x0000000003001c74                __iwram_overlay_start = .

.iwram0         0x0000000003001c74        0x0 load address 0x000000000801bb10
 *(.iwram0)
                0x0000000003001c74                . = ALIGN (0x4)
                0x000000000801bb10                PROVIDE (__load_start_iwram0, LOADADDR (.iwram0))
                0x000000000801bb10                PROVIDE (__load_stop_iwram0, (LOADADDR (.iwram0) + SIZEOF (.iwram0)))

.iwram1         0x0000000003001c74        0x0
 *(.iwram1)
                0x0000000003001c74                . = ALIGN (0x4)
                [!provide]                        PROVIDE (__load_start_iwram1, LOADADDR (.iwram1))
                [!provide]                        PROVIDE (__load_stop_iwram1, (LOADADDR (.iwram1) + SIZEOF (.iwram1)))

.iwram2         0x0000000003001c74        0x0
 *(.iwram2)
                0x0000000003001c74                . = ALIGN (0x4)
                [!provide]                        PROVIDE (__load_start_iwram2, LOADADDR (.iwram2))
                [!provide]                        PROVIDE (__load_stop_iwram2, (LOADADDR (.iwram2) + SIZEOF (.iwram2)))

.iwram3         0x0000000003001c74        0x0
 *(.iwram3)
                0x0000000003001c74                . = ALIGN (0x4)
                [!provide]                        PROVIDE (__load_start_iwram3, LOADADDR (.iwram3))
                [!provide]                        PROVIDE (__load_stop_iwram3, (LOADADDR (.iwram3) + SIZEOF (.iwram3)))

.iwram4         0x0000000003001c74        0x0
 *(.iwram4)
                0x0000000003001c74                . = ALIGN (0x4)
                [!provide]                        PROVIDE (__load_start_iwram4, LOADADDR (.iwram4))
                [!provide]                        PROVIDE (__load_stop_iwram4, (LOADADDR (.iwram4) + SIZEOF (.iwram4)))

.iwram5         0x0000000003001c74        0x0
 *(.iwram5)
                0x0000000003001c74                . = ALIGN (0x4)
                [!provide]                        PROVIDE (__load_start_iwram5, LOADADDR (.iwram5))
                [!provide]                        PROVIDE (__load_stop_iwram5, (LOADADDR (.iwram5) + SIZEOF (.iwram5)))

.iwram6         0x0000000003001c74        0x0
 *(.iwram6)
                0x0000000003001c74                . = ALIGN (0x4)
                [!provide]                        PROVIDE (__load_start_iwram6, LOADADDR (.iwram6))
                [!provide]                        PROVIDE (__load_stop_iwram6, (LOADADDR (.iwram6) + SIZEOF (.iwram6)))

.iwram7         0x0000000003001c74        0x0
 *(.iwram7)
                0x0000000003001c74                . = ALIGN (0x4)
                [!provide]                        PROVIDE (__load_start_iwram7, LOADADDR (.iwram7))
                [!provide]                        PROVIDE (__load_stop_iwram7, (LOADADDR (.iwram7) + SIZEOF (.iwram7)))

.iwram8         0x0000000003001c74        0x0
 *(.iwram8)
                0x0000000003001c74                . = ALIGN (0x4)
                [!provide]                        PROVIDE (__load_start_iwram8, LOADADDR (.iwram8))
                [!provide]                        PROVIDE (__load_stop_iwram8, (LOADADDR (.iwram8) + SIZEOF (.iwram8)))

.iwram9         0x0000000003001c74        0x0
 *(.iwram9)
                0x0000000003001c74                . = ALIGN (0x4)
                [!provide]                        PROVIDE (__load_start_iwram9, LOADADDR (.iwram9))
                [!provide]                        PROVIDE (__load_stop_iwram9, (LOADADDR (.iwram9) + SIZEOF (.iwram9)))
                0x0000000003001c74                __iwram_overlay_end = .
                0x000000000801bb10                __ewram_lma = (__iwram_overlay_lma + (__iwram_overlay_end - __iwram_overlay_start))
                0x0000000003001c74                __iheap_start = .
                0x0000000002000000                __ewram_start = ORIGIN (ewram)

.ewram          0x0000000002000000        0x0 load address 0x000000000801bb10
 *(.ewram)
                0x0000000002000000                . = ALIGN (0x4)
                0x0000000002000000                __ewram_end = ABSOLUTE (.)
                0x000000000801bb10                __pad_lma = (__ewram_lma + SIZEOF (.ewram))

.sbss           0x0000000002000000        0x0
                0x0000000002000000                __sbss_start__ = ABSOLUTE (.)
 *(.sbss)
                0x0000000002000000                . = ALIGN (0x4)
                0x0000000002000000                __sbss_end__ = ABSOLUTE (.)
                0x0000000002000000                __end__ = ABSOLUTE (.)
                0x0000000002000000                __eheap_start = ABSOLUTE (.)

.pad            0x0000000002000000        0x8 load address 0x000000000801bb10
                0x0000000002000000        0x4 LONG 0x52416b64
                0x0000000002000004        0x4 LONG 0x4d
                0x0000000002000008                . = ALIGN (0x4)
                0x000000000801bb18                __rom_end__ = (__pad_lma + SIZEOF (.pad))

.stab
 *(.stab)

.stabstr
 *(.stabstr)

.stab.excl
 *(.stab.excl)

.stab.exclstr
 *(.stab.exclstr)

.stab.index
 *(.stab.index)

.stab.indexstr
 *(.stab.indexstr)

.comment        0x0000000000000000       0x44
 *(.comment)
 .comment       0x0000000000000000       0x22 /home/bram/devkitPro/devkitARM/bin/../lib/gcc/arm-none-eabi/7.1.0/thumb/crtbegin.o
                                         0x23 (size before relaxing)
 .comment       0x0000000000000022       0x23 MathMethods.o
 .comment       0x0000000000000022       0x23 FourierTransform.o
 .comment       0x0000000000000022       0x23 Stack.o
 .comment       0x0000000000000022       0x22 /home/bram/devkitPro/libgba/lib/libgba.a(input.o)
                                         0x23 (size before relaxing)
 .comment       0x0000000000000044       0x23 /home/bram/devkitPro/libgba/lib/libgba.a(console.o)
 .comment       0x0000000000000044       0x23 /home/bram/devkitPro/libgba/lib/libgba.a(interrupt.o)
 .comment       0x0000000000000044       0x23 /home/bram/devkitPro/libgba/lib/libgba.a(CpuSet.o)
 .comment       0x0000000000000044       0x23 /home/bram/devkitPro/devkitARM/bin/../lib/gcc/arm-none-eabi/7.1.0/../../../../arm-none-eabi/lib/thumb/libm.a(lib_a-s_cos.o)
 .comment       0x0000000000000044       0x23 /home/bram/devkitPro/devkitARM/bin/../lib/gcc/arm-none-eabi/7.1.0/../../../../arm-none-eabi/lib/thumb/libm.a(lib_a-s_sin.o)
 .comment       0x0000000000000044       0x23 /home/bram/devkitPro/devkitARM/bin/../lib/gcc/arm-none-eabi/7.1.0/../../../../arm-none-eabi/lib/thumb/libm.a(lib_a-w_pow.o)
 .comment       0x0000000000000044       0x23 /home/bram/devkitPro/devkitARM/bin/../lib/gcc/arm-none-eabi/7.1.0/../../../../arm-none-eabi/lib/thumb/libm.a(lib_a-w_sqrt.o)
 .comment       0x0000000000000044       0x23 /home/bram/devkitPro/devkitARM/bin/../lib/gcc/arm-none-eabi/7.1.0/../../../../arm-none-eabi/lib/thumb/libm.a(lib_a-e_pow.o)
 .comment       0x0000000000000044       0x23 /home/bram/devkitPro/devkitARM/bin/../lib/gcc/arm-none-eabi/7.1.0/../../../../arm-none-eabi/lib/thumb/libm.a(lib_a-e_rem_pio2.o)
 .comment       0x0000000000000044       0x23 /home/bram/devkitPro/devkitARM/bin/../lib/gcc/arm-none-eabi/7.1.0/../../../../arm-none-eabi/lib/thumb/libm.a(lib_a-e_sqrt.o)
 .comment       0x0000000000000044       0x23 /home/bram/devkitPro/devkitARM/bin/../lib/gcc/arm-none-eabi/7.1.0/../../../../arm-none-eabi/lib/thumb/libm.a(lib_a-k_cos.o)
 .comment       0x0000000000000044       0x23 /home/bram/devkitPro/devkitARM/bin/../lib/gcc/arm-none-eabi/7.1.0/../../../../arm-none-eabi/lib/thumb/libm.a(lib_a-k_rem_pio2.o)
 .comment       0x0000000000000044       0x23 /home/bram/devkitPro/devkitARM/bin/../lib/gcc/arm-none-eabi/7.1.0/../../../../arm-none-eabi/lib/thumb/libm.a(lib_a-k_sin.o)
 .comment       0x0000000000000044       0x23 /home/bram/devkitPro/devkitARM/bin/../lib/gcc/arm-none-eabi/7.1.0/../../../../arm-none-eabi/lib/thumb/libm.a(lib_a-s_fabs.o)
 .comment       0x0000000000000044       0x23 /home/bram/devkitPro/devkitARM/bin/../lib/gcc/arm-none-eabi/7.1.0/../../../../arm-none-eabi/lib/thumb/libm.a(lib_a-s_finite.o)
 .comment       0x0000000000000044       0x23 /home/bram/devkitPro/devkitARM/bin/../lib/gcc/arm-none-eabi/7.1.0/../../../../arm-none-eabi/lib/thumb/libm.a(lib_a-s_floor.o)
 .comment       0x0000000000000044       0x23 /home/bram/devkitPro/devkitARM/bin/../lib/gcc/arm-none-eabi/7.1.0/../../../../arm-none-eabi/lib/thumb/libm.a(lib_a-s_lib_ver.o)
 .comment       0x0000000000000044       0x23 /home/bram/devkitPro/devkitARM/bin/../lib/gcc/arm-none-eabi/7.1.0/../../../../arm-none-eabi/lib/thumb/libm.a(lib_a-s_matherr.o)
 .comment       0x0000000000000044       0x23 /home/bram/devkitPro/devkitARM/bin/../lib/gcc/arm-none-eabi/7.1.0/../../../../arm-none-eabi/lib/thumb/libm.a(lib_a-s_nan.o)
 .comment       0x0000000000000044       0x23 /home/bram/devkitPro/devkitARM/bin/../lib/gcc/arm-none-eabi/7.1.0/../../../../arm-none-eabi/lib/thumb/libm.a(lib_a-s_rint.o)
 .comment       0x0000000000000044       0x23 /home/bram/devkitPro/devkitARM/bin/../lib/gcc/arm-none-eabi/7.1.0/../../../../arm-none-eabi/lib/thumb/libm.a(lib_a-s_scalbn.o)
 .comment       0x0000000000000044       0x23 /home/bram/devkitPro/devkitARM/bin/../lib/gcc/arm-none-eabi/7.1.0/../../../../arm-none-eabi/lib/thumb/libm.a(lib_a-s_copysign.o)
 .comment       0x0000000000000044       0x23 /home/bram/devkitPro/devkitARM/bin/../lib/gcc/arm-none-eabi/7.1.0/../../../../arm-none-eabi/lib/thumb/libg.a(lib_a-calloc.o)
 .comment       0x0000000000000044       0x23 /home/bram/devkitPro/devkitARM/bin/../lib/gcc/arm-none-eabi/7.1.0/../../../../arm-none-eabi/lib/thumb/libg.a(lib_a-callocr.o)
 .comment       0x0000000000000044       0x23 /home/bram/devkitPro/devkitARM/bin/../lib/gcc/arm-none-eabi/7.1.0/../../../../arm-none-eabi/lib/thumb/libg.a(lib_a-errno.o)
 .comment       0x0000000000000044       0x23 /home/bram/devkitPro/devkitARM/bin/../lib/gcc/arm-none-eabi/7.1.0/../../../../arm-none-eabi/lib/thumb/libg.a(lib_a-init.o)
 .comment       0x0000000000000044       0x23 /home/bram/devkitPro/devkitARM/bin/../lib/gcc/arm-none-eabi/7.1.0/../../../../arm-none-eabi/lib/thumb/libg.a(lib_a-iprintf.o)
 .comment       0x0000000000000044       0x23 /home/bram/devkitPro/devkitARM/bin/../lib/gcc/arm-none-eabi/7.1.0/../../../../arm-none-eabi/lib/thumb/libg.a(lib_a-malloc.o)
 .comment       0x0000000000000044       0x23 /home/bram/devkitPro/devkitARM/bin/../lib/gcc/arm-none-eabi/7.1.0/../../../../arm-none-eabi/lib/thumb/libg.a(lib_a-mallocr.o)
 .comment       0x0000000000000044       0x23 /home/bram/devkitPro/devkitARM/bin/../lib/gcc/arm-none-eabi/7.1.0/../../../../arm-none-eabi/lib/thumb/libg.a(lib_a-memcpy-stub.o)
 .comment       0x0000000000000044       0x23 /home/bram/devkitPro/devkitARM/bin/../lib/gcc/arm-none-eabi/7.1.0/../../../../arm-none-eabi/lib/thumb/libg.a(lib_a-memset.o)
 .comment       0x0000000000000044       0x23 /home/bram/devkitPro/devkitARM/bin/../lib/gcc/arm-none-eabi/7.1.0/../../../../arm-none-eabi/lib/thumb/libg.a(lib_a-mlock.o)
 .comment       0x0000000000000044       0x23 /home/bram/devkitPro/devkitARM/bin/../lib/gcc/arm-none-eabi/7.1.0/../../../../arm-none-eabi/lib/thumb/libg.a(lib_a-rand.o)
 .comment       0x0000000000000044       0x23 /home/bram/devkitPro/devkitARM/bin/../lib/gcc/arm-none-eabi/7.1.0/../../../../arm-none-eabi/lib/thumb/libg.a(lib_a-setvbuf.o)
 .comment       0x0000000000000044       0x23 /home/bram/devkitPro/devkitARM/bin/../lib/gcc/arm-none-eabi/7.1.0/../../../../arm-none-eabi/lib/thumb/libg.a(lib_a-siscanf.o)
 .comment       0x0000000000000044       0x23 /home/bram/devkitPro/devkitARM/bin/../lib/gcc/arm-none-eabi/7.1.0/../../../../arm-none-eabi/lib/thumb/libg.a(lib_a-stdio.o)
 .comment       0x0000000000000044       0x23 /home/bram/devkitPro/devkitARM/bin/../lib/gcc/arm-none-eabi/7.1.0/../../../../arm-none-eabi/lib/thumb/libg.a(lib_a-strlen-stub.o)
 .comment       0x0000000000000044       0x23 /home/bram/devkitPro/devkitARM/bin/../lib/gcc/arm-none-eabi/7.1.0/../../../../arm-none-eabi/lib/thumb/libg.a(lib_a-svfiscanf.o)
 .comment       0x0000000000000044       0x23 /home/bram/devkitPro/devkitARM/bin/../lib/gcc/arm-none-eabi/7.1.0/../../../../arm-none-eabi/lib/thumb/libg.a(lib_a-ungetc.o)
 .comment       0x0000000000000044       0x23 /home/bram/devkitPro/devkitARM/bin/../lib/gcc/arm-none-eabi/7.1.0/../../../../arm-none-eabi/lib/thumb/libg.a(lib_a-vfiprintf.o)
 .comment       0x0000000000000044       0x23 /home/bram/devkitPro/devkitARM/bin/../lib/gcc/arm-none-eabi/7.1.0/../../../../arm-none-eabi/lib/thumb/libg.a(lib_a-wcrtomb.o)
 .comment       0x0000000000000044       0x23 /home/bram/devkitPro/devkitARM/bin/../lib/gcc/arm-none-eabi/7.1.0/../../../../arm-none-eabi/lib/thumb/libg.a(lib_a-wcsrtombs.o)
 .comment       0x0000000000000044       0x23 /home/bram/devkitPro/devkitARM/bin/../lib/gcc/arm-none-eabi/7.1.0/../../../../arm-none-eabi/lib/thumb/libg.a(lib_a-wsetup.o)
 .comment       0x0000000000000044       0x23 /home/bram/devkitPro/devkitARM/bin/../lib/gcc/arm-none-eabi/7.1.0/../../../../arm-none-eabi/lib/thumb/libg.a(lib_a-fflush.o)
 .comment       0x0000000000000044       0x23 /home/bram/devkitPro/devkitARM/bin/../lib/gcc/arm-none-eabi/7.1.0/../../../../arm-none-eabi/lib/thumb/libg.a(lib_a-findfp.o)
 .comment       0x0000000000000044       0x23 /home/bram/devkitPro/devkitARM/bin/../lib/gcc/arm-none-eabi/7.1.0/../../../../arm-none-eabi/lib/thumb/libg.a(lib_a-freer.o)
 .comment       0x0000000000000044       0x23 /home/bram/devkitPro/devkitARM/bin/../lib/gcc/arm-none-eabi/7.1.0/../../../../arm-none-eabi/lib/thumb/libg.a(lib_a-fvwrite.o)
 .comment       0x0000000000000044       0x23 /home/bram/devkitPro/devkitARM/bin/../lib/gcc/arm-none-eabi/7.1.0/../../../../arm-none-eabi/lib/thumb/libg.a(lib_a-fwalk.o)
 .comment       0x0000000000000044       0x23 /home/bram/devkitPro/devkitARM/bin/../lib/gcc/arm-none-eabi/7.1.0/../../../../arm-none-eabi/lib/thumb/libg.a(lib_a-impure.o)
 .comment       0x0000000000000044       0x23 /home/bram/devkitPro/devkitARM/bin/../lib/gcc/arm-none-eabi/7.1.0/../../../../arm-none-eabi/lib/thumb/libg.a(lib_a-iswspace.o)
 .comment       0x0000000000000044       0x23 /home/bram/devkitPro/devkitARM/bin/../lib/gcc/arm-none-eabi/7.1.0/../../../../arm-none-eabi/lib/thumb/libg.a(lib_a-jp2uc.o)
 .comment       0x0000000000000044       0x23 /home/bram/devkitPro/devkitARM/bin/../lib/gcc/arm-none-eabi/7.1.0/../../../../arm-none-eabi/lib/thumb/libg.a(lib_a-localeconv.o)
 .comment       0x0000000000000044       0x23 /home/bram/devkitPro/devkitARM/bin/../lib/gcc/arm-none-eabi/7.1.0/../../../../arm-none-eabi/lib/thumb/libg.a(lib_a-locale.o)
 .comment       0x0000000000000044       0x23 /home/bram/devkitPro/devkitARM/bin/../lib/gcc/arm-none-eabi/7.1.0/../../../../arm-none-eabi/lib/thumb/libg.a(lib_a-makebuf.o)
 .comment       0x0000000000000044       0x23 /home/bram/devkitPro/devkitARM/bin/../lib/gcc/arm-none-eabi/7.1.0/../../../../arm-none-eabi/lib/thumb/libg.a(lib_a-mbrtowc.o)
 .comment       0x0000000000000044       0x23 /home/bram/devkitPro/devkitARM/bin/../lib/gcc/arm-none-eabi/7.1.0/../../../../arm-none-eabi/lib/thumb/libg.a(lib_a-mbtowc_r.o)
 .comment       0x0000000000000044       0x23 /home/bram/devkitPro/devkitARM/bin/../lib/gcc/arm-none-eabi/7.1.0/../../../../arm-none-eabi/lib/thumb/libg.a(lib_a-memchr-stub.o)
 .comment       0x0000000000000044       0x23 /home/bram/devkitPro/devkitARM/bin/../lib/gcc/arm-none-eabi/7.1.0/../../../../arm-none-eabi/lib/thumb/libg.a(lib_a-memmove.o)
 .comment       0x0000000000000044       0x23 /home/bram/devkitPro/devkitARM/bin/../lib/gcc/arm-none-eabi/7.1.0/../../../../arm-none-eabi/lib/thumb/libg.a(lib_a-reallocr.o)
 .comment       0x0000000000000044       0x23 /home/bram/devkitPro/devkitARM/bin/../lib/gcc/arm-none-eabi/7.1.0/../../../../arm-none-eabi/lib/thumb/libg.a(lib_a-sccl.o)
 .comment       0x0000000000000044       0x23 /home/bram/devkitPro/devkitARM/bin/../lib/gcc/arm-none-eabi/7.1.0/../../../../arm-none-eabi/lib/thumb/libg.a(lib_a-strcasecmp.o)
 .comment       0x0000000000000044       0x23 /home/bram/devkitPro/devkitARM/bin/../lib/gcc/arm-none-eabi/7.1.0/../../../../arm-none-eabi/lib/thumb/libg.a(lib_a-strcat.o)
 .comment       0x0000000000000044       0x23 /home/bram/devkitPro/devkitARM/bin/../lib/gcc/arm-none-eabi/7.1.0/../../../../arm-none-eabi/lib/thumb/libg.a(lib_a-strchr.o)
 .comment       0x0000000000000044       0x23 /home/bram/devkitPro/devkitARM/bin/../lib/gcc/arm-none-eabi/7.1.0/../../../../arm-none-eabi/lib/thumb/libg.a(lib_a-strcpy.o)
 .comment       0x0000000000000044       0x23 /home/bram/devkitPro/devkitARM/bin/../lib/gcc/arm-none-eabi/7.1.0/../../../../arm-none-eabi/lib/thumb/libg.a(lib_a-strlcpy.o)
 .comment       0x0000000000000044       0x23 /home/bram/devkitPro/devkitARM/bin/../lib/gcc/arm-none-eabi/7.1.0/../../../../arm-none-eabi/lib/thumb/libg.a(lib_a-strncasecmp.o)
 .comment       0x0000000000000044       0x23 /home/bram/devkitPro/devkitARM/bin/../lib/gcc/arm-none-eabi/7.1.0/../../../../arm-none-eabi/lib/thumb/libg.a(lib_a-strncmp.o)
 .comment       0x0000000000000044       0x23 /home/bram/devkitPro/devkitARM/bin/../lib/gcc/arm-none-eabi/7.1.0/../../../../arm-none-eabi/lib/thumb/libg.a(lib_a-strncpy.o)
 .comment       0x0000000000000044       0x23 /home/bram/devkitPro/devkitARM/bin/../lib/gcc/arm-none-eabi/7.1.0/../../../../arm-none-eabi/lib/thumb/libg.a(lib_a-strtoll.o)
 .comment       0x0000000000000044       0x23 /home/bram/devkitPro/devkitARM/bin/../lib/gcc/arm-none-eabi/7.1.0/../../../../arm-none-eabi/lib/thumb/libg.a(lib_a-strtol.o)
 .comment       0x0000000000000044       0x23 /home/bram/devkitPro/devkitARM/bin/../lib/gcc/arm-none-eabi/7.1.0/../../../../arm-none-eabi/lib/thumb/libg.a(lib_a-strtoull.o)
 .comment       0x0000000000000044       0x23 /home/bram/devkitPro/devkitARM/bin/../lib/gcc/arm-none-eabi/7.1.0/../../../../arm-none-eabi/lib/thumb/libg.a(lib_a-strtoul.o)
 .comment       0x0000000000000044       0x23 /home/bram/devkitPro/devkitARM/bin/../lib/gcc/arm-none-eabi/7.1.0/../../../../arm-none-eabi/lib/thumb/libg.a(lib_a-svfiprintf.o)
 .comment       0x0000000000000044       0x23 /home/bram/devkitPro/devkitARM/bin/../lib/gcc/arm-none-eabi/7.1.0/../../../../arm-none-eabi/lib/thumb/libg.a(lib_a-wcsnrtombs.o)
 .comment       0x0000000000000044       0x23 /home/bram/devkitPro/devkitARM/bin/../lib/gcc/arm-none-eabi/7.1.0/../../../../arm-none-eabi/lib/thumb/libg.a(lib_a-wctomb_r.o)
 .comment       0x0000000000000044       0x23 /home/bram/devkitPro/devkitARM/bin/../lib/gcc/arm-none-eabi/7.1.0/../../../../arm-none-eabi/lib/thumb/libg.a(lib_a-ctype_.o)
 .comment       0x0000000000000044       0x23 /home/bram/devkitPro/devkitARM/bin/../lib/gcc/arm-none-eabi/7.1.0/../../../../arm-none-eabi/lib/thumb/libg.a(lib_a-fclose.o)
 .comment       0x0000000000000044       0x23 /home/bram/devkitPro/devkitARM/bin/../lib/gcc/arm-none-eabi/7.1.0/../../../../arm-none-eabi/lib/thumb/libg.a(lib_a-getenv_r.o)
 .comment       0x0000000000000044       0x23 /home/bram/devkitPro/devkitARM/bin/../lib/gcc/arm-none-eabi/7.1.0/../../../../arm-none-eabi/lib/thumb/libg.a(lib_a-environ.o)
 .comment       0x0000000000000044       0x23 /home/bram/devkitPro/devkitARM/bin/../lib/gcc/arm-none-eabi/7.1.0/../../../../arm-none-eabi/lib/thumb/libg.a(lib_a-envlock.o)
 .comment       0x0000000000000044       0x23 /home/bram/devkitPro/devkitARM/bin/../lib/gcc/arm-none-eabi/7.1.0/../../../../arm-none-eabi/lib/thumb/libsysbase.a(iosupport.o)
 .comment       0x0000000000000044       0x23 /home/bram/devkitPro/devkitARM/bin/../lib/gcc/arm-none-eabi/7.1.0/../../../../arm-none-eabi/lib/thumb/libsysbase.a(close.o)
 .comment       0x0000000000000044       0x23 /home/bram/devkitPro/devkitARM/bin/../lib/gcc/arm-none-eabi/7.1.0/../../../../arm-none-eabi/lib/thumb/libsysbase.a(fstat.o)
 .comment       0x0000000000000044       0x23 /home/bram/devkitPro/devkitARM/bin/../lib/gcc/arm-none-eabi/7.1.0/../../../../arm-none-eabi/lib/thumb/libsysbase.a(isatty.o)
 .comment       0x0000000000000044       0x23 /home/bram/devkitPro/devkitARM/bin/../lib/gcc/arm-none-eabi/7.1.0/../../../../arm-none-eabi/lib/thumb/libsysbase.a(lseek.o)
 .comment       0x0000000000000044       0x23 /home/bram/devkitPro/devkitARM/bin/../lib/gcc/arm-none-eabi/7.1.0/../../../../arm-none-eabi/lib/thumb/libsysbase.a(read.o)
 .comment       0x0000000000000044       0x23 /home/bram/devkitPro/devkitARM/bin/../lib/gcc/arm-none-eabi/7.1.0/../../../../arm-none-eabi/lib/thumb/libsysbase.a(sbrk.o)
 .comment       0x0000000000000044       0x23 /home/bram/devkitPro/devkitARM/bin/../lib/gcc/arm-none-eabi/7.1.0/../../../../arm-none-eabi/lib/thumb/libsysbase.a(write.o)
 .comment       0x0000000000000044       0x23 /home/bram/devkitPro/devkitARM/bin/../lib/gcc/arm-none-eabi/7.1.0/../../../../arm-none-eabi/lib/thumb/libsysbase.a(malloc_vars.o)
 .comment       0x0000000000000044       0x23 /home/bram/devkitPro/devkitARM/bin/../lib/gcc/arm-none-eabi/7.1.0/../../../../arm-none-eabi/lib/thumb/libsysbase.a(flock.o)
 .comment       0x0000000000000044       0x23 /home/bram/devkitPro/devkitARM/bin/../lib/gcc/arm-none-eabi/7.1.0/../../../../arm-none-eabi/lib/thumb/libsysbase.a(syscall_support.o)
 .comment       0x0000000000000044       0x23 /home/bram/devkitPro/devkitARM/bin/../lib/gcc/arm-none-eabi/7.1.0/../../../../arm-none-eabi/lib/thumb/libsysbase.a(handle_manager.o)
 .comment       0x0000000000000044       0x23 /home/bram/devkitPro/devkitARM/bin/../lib/gcc/arm-none-eabi/7.1.0/../../../../arm-none-eabi/lib/thumb/libsysbase.a(getreent.o)
 .comment       0x0000000000000044       0x23 /home/bram/devkitPro/devkitARM/bin/../lib/gcc/arm-none-eabi/7.1.0/thumb/libgcc.a(_muldi3.o)
 .comment       0x0000000000000044       0x23 /home/bram/devkitPro/devkitARM/bin/../lib/gcc/arm-none-eabi/7.1.0/thumb/libgcc.a(_udivmoddi4.o)
 .comment       0x0000000000000044       0x23 /home/bram/devkitPro/devkitARM/bin/../lib/gcc/arm-none-eabi/7.1.0/thumb/crtend.o

.debug
 *(.debug)

.line
 *(.line)

.debug_srcinfo
 *(.debug_srcinfo)

.debug_sfnames
 *(.debug_sfnames)

.debug_aranges  0x0000000000000000      0x108
 *(.debug_aranges)
 .debug_aranges
                0x0000000000000000       0x20 MathMethods.o
 .debug_aranges
                0x0000000000000020       0x28 FourierTransform.o
 .debug_aranges
                0x0000000000000048       0x20 Stack.o
 .debug_aranges
                0x0000000000000068       0x20 /home/bram/devkitPro/libgba/lib/libgba.a(input.o)
 .debug_aranges
                0x0000000000000088       0x20 /home/bram/devkitPro/libgba/lib/libgba.a(console.o)
 .debug_aranges
                0x00000000000000a8       0x20 /home/bram/devkitPro/libgba/lib/libgba.a(interrupt.o)
 .debug_aranges
                0x00000000000000c8       0x20 /home/bram/devkitPro/libgba/lib/libgba.a(CpuSet.o)
 .debug_aranges
                0x00000000000000e8       0x20 /home/bram/devkitPro/libgba/lib/libgba.a(InterruptDispatcher.o)

.debug_pubnames
 *(.debug_pubnames)

.debug_info     0x0000000000000000     0x7234
 *(.debug_info)
 .debug_info    0x0000000000000000     0x3338 MathMethods.o
 .debug_info    0x0000000000003338      0xef1 FourierTransform.o
 .debug_info    0x0000000000004229      0xc00 Stack.o
 .debug_info    0x0000000000004e29      0x234 /home/bram/devkitPro/libgba/lib/libgba.a(input.o)
 .debug_info    0x000000000000505d     0x1c7d /home/bram/devkitPro/libgba/lib/libgba.a(console.o)
 .debug_info    0x0000000000006cda      0x3a6 /home/bram/devkitPro/libgba/lib/libgba.a(interrupt.o)
 .debug_info    0x0000000000007080      0x114 /home/bram/devkitPro/libgba/lib/libgba.a(CpuSet.o)
 .debug_info    0x0000000000007194       0xa0 /home/bram/devkitPro/libgba/lib/libgba.a(InterruptDispatcher.o)

.debug_abbrev   0x0000000000000000     0x12e0
 *(.debug_abbrev)
 .debug_abbrev  0x0000000000000000      0x593 MathMethods.o
 .debug_abbrev  0x0000000000000593      0x292 FourierTransform.o
 .debug_abbrev  0x0000000000000825      0x2d1 Stack.o
 .debug_abbrev  0x0000000000000af6      0x118 /home/bram/devkitPro/libgba/lib/libgba.a(input.o)
 .debug_abbrev  0x0000000000000c0e      0x457 /home/bram/devkitPro/libgba/lib/libgba.a(console.o)
 .debug_abbrev  0x0000000000001065      0x1cf /home/bram/devkitPro/libgba/lib/libgba.a(interrupt.o)
 .debug_abbrev  0x0000000000001234       0x98 /home/bram/devkitPro/libgba/lib/libgba.a(CpuSet.o)
 .debug_abbrev  0x00000000000012cc       0x14 /home/bram/devkitPro/libgba/lib/libgba.a(InterruptDispatcher.o)

.debug_line     0x0000000000000000     0x178d
 *(.debug_line)
 .debug_line    0x0000000000000000      0x832 MathMethods.o
 .debug_line    0x0000000000000832      0x355 FourierTransform.o
 .debug_line    0x0000000000000b87      0x262 Stack.o
 .debug_line    0x0000000000000de9      0x187 /home/bram/devkitPro/libgba/lib/libgba.a(input.o)
 .debug_line    0x0000000000000f70      0x453 /home/bram/devkitPro/libgba/lib/libgba.a(console.o)
 .debug_line    0x00000000000013c3      0x1ec /home/bram/devkitPro/libgba/lib/libgba.a(interrupt.o)
 .debug_line    0x00000000000015af      0x139 /home/bram/devkitPro/libgba/lib/libgba.a(CpuSet.o)
 .debug_line    0x00000000000016e8       0xa5 /home/bram/devkitPro/libgba/lib/libgba.a(InterruptDispatcher.o)

.debug_frame    0x0000000000000000      0x758
 *(.debug_frame)
 .debug_frame   0x0000000000000000      0x3ec MathMethods.o
 .debug_frame   0x00000000000003ec       0x54 FourierTransform.o
 .debug_frame   0x0000000000000440       0xb8 Stack.o
 .debug_frame   0x00000000000004f8       0x80 /home/bram/devkitPro/libgba/lib/libgba.a(input.o)
 .debug_frame   0x0000000000000578      0x100 /home/bram/devkitPro/libgba/lib/libgba.a(console.o)
 .debug_frame   0x0000000000000678       0xb0 /home/bram/devkitPro/libgba/lib/libgba.a(interrupt.o)
 .debug_frame   0x0000000000000728       0x30 /home/bram/devkitPro/libgba/lib/libgba.a(CpuSet.o)

.debug_str      0x0000000000000000     0x14c1
 *(.debug_str)
 .debug_str     0x0000000000000000      0x921 MathMethods.o
                                        0x9f4 (size before relaxing)
 .debug_str     0x0000000000000921      0x2b6 FourierTransform.o
                                        0x905 (size before relaxing)
 .debug_str     0x0000000000000bd7       0x99 Stack.o
                                        0x6a0 (size before relaxing)
 .debug_str     0x0000000000000c70       0xda /home/bram/devkitPro/libgba/lib/libgba.a(input.o)
                                        0x1b1 (size before relaxing)
 .debug_str     0x0000000000000d4a      0x644 /home/bram/devkitPro/libgba/lib/libgba.a(console.o)
                                        0xd55 (size before relaxing)
 .debug_str     0x000000000000138e       0xeb /home/bram/devkitPro/libgba/lib/libgba.a(interrupt.o)
                                        0x2af (size before relaxing)
 .debug_str     0x0000000000001479       0x48 /home/bram/devkitPro/libgba/lib/libgba.a(CpuSet.o)
                                        0x124 (size before relaxing)

.debug_loc      0x0000000000000000     0x531c
 *(.debug_loc)
 .debug_loc     0x0000000000000000     0x3c8e MathMethods.o
 .debug_loc     0x0000000000003c8e      0x367 FourierTransform.o
 .debug_loc     0x0000000000003ff5      0x256 Stack.o
 .debug_loc     0x000000000000424b       0x27 /home/bram/devkitPro/libgba/lib/libgba.a(input.o)
 .debug_loc     0x0000000000004272      0xc3e /home/bram/devkitPro/libgba/lib/libgba.a(console.o)
 .debug_loc     0x0000000000004eb0      0x3a6 /home/bram/devkitPro/libgba/lib/libgba.a(interrupt.o)
 .debug_loc     0x0000000000005256       0xc6 /home/bram/devkitPro/libgba/lib/libgba.a(CpuSet.o)

.debug_macinfo
 *(.debug_macinfo)

.debug_weaknames
 *(.debug_weaknames)

.debug_funcnames
 *(.debug_funcnames)

.debug_typenames
 *(.debug_typenames)

.debug_varnames
 *(.debug_varnames)

.stack          0x0000000000080000        0x0
                0x0000000000080000                _stack = .
 *(.stack)

.note.gnu.arm.ident
 *(.note.gnu.arm.ident)

.ARM.attributes
                0x0000000000000000       0x2c
 *(.ARM.attributes)
 .ARM.attributes
                0x0000000000000000       0x20 /home/bram/devkitPro/devkitARM/bin/../lib/gcc/arm-none-eabi/7.1.0/../../../../arm-none-eabi/lib/thumb/gba_crt0.o
 .ARM.attributes
                0x0000000000000020       0x16 /home/bram/devkitPro/devkitARM/bin/../lib/gcc/arm-none-eabi/7.1.0/thumb/crti.o
 .ARM.attributes
                0x0000000000000036       0x30 /home/bram/devkitPro/devkitARM/bin/../lib/gcc/arm-none-eabi/7.1.0/thumb/crtbegin.o
 .ARM.attributes
                0x0000000000000066       0x2c MathMethods.o
 .ARM.attributes
                0x0000000000000092       0x2c FourierTransform.o
 .ARM.attributes
                0x00000000000000be       0x2c Stack.o
 .ARM.attributes
                0x00000000000000ea       0x30 /home/bram/devkitPro/libgba/lib/libgba.a(input.o)
 .ARM.attributes
                0x000000000000011a       0x30 /home/bram/devkitPro/libgba/lib/libgba.a(console.o)
 .ARM.attributes
                0x000000000000014a       0x30 /home/bram/devkitPro/libgba/lib/libgba.a(interrupt.o)
 .ARM.attributes
                0x000000000000017a       0x30 /home/bram/devkitPro/libgba/lib/libgba.a(CpuSet.o)
 .ARM.attributes
                0x00000000000001aa       0x16 /home/bram/devkitPro/libgba/lib/libgba.a(InterruptDispatcher.o)
 .ARM.attributes
                0x00000000000001c0       0x14 /home/bram/devkitPro/libgba/lib/libgba.a(amiga.fnt.o)
 .ARM.attributes
                0x00000000000001d4       0x30 /home/bram/devkitPro/devkitARM/bin/../lib/gcc/arm-none-eabi/7.1.0/../../../../arm-none-eabi/lib/thumb/libm.a(lib_a-s_cos.o)
 .ARM.attributes
                0x0000000000000204       0x30 /home/bram/devkitPro/devkitARM/bin/../lib/gcc/arm-none-eabi/7.1.0/../../../../arm-none-eabi/lib/thumb/libm.a(lib_a-s_sin.o)
 .ARM.attributes
                0x0000000000000234       0x30 /home/bram/devkitPro/devkitARM/bin/../lib/gcc/arm-none-eabi/7.1.0/../../../../arm-none-eabi/lib/thumb/libm.a(lib_a-w_pow.o)
 .ARM.attributes
                0x0000000000000264       0x30 /home/bram/devkitPro/devkitARM/bin/../lib/gcc/arm-none-eabi/7.1.0/../../../../arm-none-eabi/lib/thumb/libm.a(lib_a-w_sqrt.o)
 .ARM.attributes
                0x0000000000000294       0x30 /home/bram/devkitPro/devkitARM/bin/../lib/gcc/arm-none-eabi/7.1.0/../../../../arm-none-eabi/lib/thumb/libm.a(lib_a-e_pow.o)
 .ARM.attributes
                0x00000000000002c4       0x30 /home/bram/devkitPro/devkitARM/bin/../lib/gcc/arm-none-eabi/7.1.0/../../../../arm-none-eabi/lib/thumb/libm.a(lib_a-e_rem_pio2.o)
 .ARM.attributes
                0x00000000000002f4       0x30 /home/bram/devkitPro/devkitARM/bin/../lib/gcc/arm-none-eabi/7.1.0/../../../../arm-none-eabi/lib/thumb/libm.a(lib_a-e_sqrt.o)
 .ARM.attributes
                0x0000000000000324       0x30 /home/bram/devkitPro/devkitARM/bin/../lib/gcc/arm-none-eabi/7.1.0/../../../../arm-none-eabi/lib/thumb/libm.a(lib_a-k_cos.o)
 .ARM.attributes
                0x0000000000000354       0x30 /home/bram/devkitPro/devkitARM/bin/../lib/gcc/arm-none-eabi/7.1.0/../../../../arm-none-eabi/lib/thumb/libm.a(lib_a-k_rem_pio2.o)
 .ARM.attributes
                0x0000000000000384       0x30 /home/bram/devkitPro/devkitARM/bin/../lib/gcc/arm-none-eabi/7.1.0/../../../../arm-none-eabi/lib/thumb/libm.a(lib_a-k_sin.o)
 .ARM.attributes
                0x00000000000003b4       0x30 /home/bram/devkitPro/devkitARM/bin/../lib/gcc/arm-none-eabi/7.1.0/../../../../arm-none-eabi/lib/thumb/libm.a(lib_a-s_fabs.o)
 .ARM.attributes
                0x00000000000003e4       0x30 /home/bram/devkitPro/devkitARM/bin/../lib/gcc/arm-none-eabi/7.1.0/../../../../arm-none-eabi/lib/thumb/libm.a(lib_a-s_finite.o)
 .ARM.attributes
                0x0000000000000414       0x30 /home/bram/devkitPro/devkitARM/bin/../lib/gcc/arm-none-eabi/7.1.0/../../../../arm-none-eabi/lib/thumb/libm.a(lib_a-s_floor.o)
 .ARM.attributes
                0x0000000000000444       0x30 /home/bram/devkitPro/devkitARM/bin/../lib/gcc/arm-none-eabi/7.1.0/../../../../arm-none-eabi/lib/thumb/libm.a(lib_a-s_lib_ver.o)
 .ARM.attributes
                0x0000000000000474       0x30 /home/bram/devkitPro/devkitARM/bin/../lib/gcc/arm-none-eabi/7.1.0/../../../../arm-none-eabi/lib/thumb/libm.a(lib_a-s_matherr.o)
 .ARM.attributes
                0x00000000000004a4       0x30 /home/bram/devkitPro/devkitARM/bin/../lib/gcc/arm-none-eabi/7.1.0/../../../../arm-none-eabi/lib/thumb/libm.a(lib_a-s_nan.o)
 .ARM.attributes
                0x00000000000004d4       0x30 /home/bram/devkitPro/devkitARM/bin/../lib/gcc/arm-none-eabi/7.1.0/../../../../arm-none-eabi/lib/thumb/libm.a(lib_a-s_rint.o)
 .ARM.attributes
                0x0000000000000504       0x30 /home/bram/devkitPro/devkitARM/bin/../lib/gcc/arm-none-eabi/7.1.0/../../../../arm-none-eabi/lib/thumb/libm.a(lib_a-s_scalbn.o)
 .ARM.attributes
                0x0000000000000534       0x30 /home/bram/devkitPro/devkitARM/bin/../lib/gcc/arm-none-eabi/7.1.0/../../../../arm-none-eabi/lib/thumb/libm.a(lib_a-s_copysign.o)
 .ARM.attributes
                0x0000000000000564       0x18 /home/bram/devkitPro/devkitARM/bin/../lib/gcc/arm-none-eabi/7.1.0/thumb/libgcc.a(_divsi3.o)
 .ARM.attributes
                0x000000000000057c       0x16 /home/bram/devkitPro/devkitARM/bin/../lib/gcc/arm-none-eabi/7.1.0/thumb/libgcc.a(_dvmd_tls.o)
 .ARM.attributes
                0x0000000000000592       0x18 /home/bram/devkitPro/devkitARM/bin/../lib/gcc/arm-none-eabi/7.1.0/thumb/libgcc.a(_arm_addsubdf3.o)
 .ARM.attributes
                0x00000000000005aa       0x18 /home/bram/devkitPro/devkitARM/bin/../lib/gcc/arm-none-eabi/7.1.0/thumb/libgcc.a(_arm_muldivdf3.o)
 .ARM.attributes
                0x00000000000005c2       0x18 /home/bram/devkitPro/devkitARM/bin/../lib/gcc/arm-none-eabi/7.1.0/thumb/libgcc.a(_arm_cmpdf2.o)
 .ARM.attributes
                0x00000000000005da       0x18 /home/bram/devkitPro/devkitARM/bin/../lib/gcc/arm-none-eabi/7.1.0/thumb/libgcc.a(_arm_unorddf2.o)
 .ARM.attributes
                0x00000000000005f2       0x18 /home/bram/devkitPro/devkitARM/bin/../lib/gcc/arm-none-eabi/7.1.0/thumb/libgcc.a(_arm_fixdfsi.o)
 .ARM.attributes
                0x000000000000060a       0x30 /home/bram/devkitPro/devkitARM/bin/../lib/gcc/arm-none-eabi/7.1.0/../../../../arm-none-eabi/lib/thumb/libg.a(lib_a-calloc.o)
 .ARM.attributes
                0x000000000000063a       0x30 /home/bram/devkitPro/devkitARM/bin/../lib/gcc/arm-none-eabi/7.1.0/../../../../arm-none-eabi/lib/thumb/libg.a(lib_a-callocr.o)
 .ARM.attributes
                0x000000000000066a       0x30 /home/bram/devkitPro/devkitARM/bin/../lib/gcc/arm-none-eabi/7.1.0/../../../../arm-none-eabi/lib/thumb/libg.a(lib_a-errno.o)
 .ARM.attributes